Archive member included to satisfy reference by file (symbol)

/usr/lib/gcc/avr/7.3.0/../../../avr/lib/avr5/libprintf_flt.a(vfprintf_flt.o)
                              (vfprintf)
/usr/lib/gcc/avr/7.3.0/../../../avr/lib/avr5/libm.a(divsf3.o)
                              objdir/main.o (__divsf3)
/usr/lib/gcc/avr/7.3.0/../../../avr/lib/avr5/libm.a(divsf3x.o)
                              /usr/lib/gcc/avr/7.3.0/../../../avr/lib/avr5/libm.a(divsf3.o) (__divsf3x)
/usr/lib/gcc/avr/7.3.0/../../../avr/lib/avr5/libm.a(fixunssfsi.o)
                              objdir/main.o (__fixunssfsi)
/usr/lib/gcc/avr/7.3.0/../../../avr/lib/avr5/libm.a(floatsisf.o)
                              objdir/main.o (__floatunsisf)
/usr/lib/gcc/avr/7.3.0/../../../avr/lib/avr5/libm.a(fp_inf.o)
                              /usr/lib/gcc/avr/7.3.0/../../../avr/lib/avr5/libm.a(divsf3x.o) (__fp_inf)
/usr/lib/gcc/avr/7.3.0/../../../avr/lib/avr5/libm.a(fp_nan.o)
                              /usr/lib/gcc/avr/7.3.0/../../../avr/lib/avr5/libm.a(divsf3x.o) (__fp_nan)
/usr/lib/gcc/avr/7.3.0/../../../avr/lib/avr5/libm.a(fp_pscA.o)
                              /usr/lib/gcc/avr/7.3.0/../../../avr/lib/avr5/libm.a(divsf3x.o) (__fp_pscA)
/usr/lib/gcc/avr/7.3.0/../../../avr/lib/avr5/libm.a(fp_pscB.o)
                              /usr/lib/gcc/avr/7.3.0/../../../avr/lib/avr5/libm.a(divsf3x.o) (__fp_pscB)
/usr/lib/gcc/avr/7.3.0/../../../avr/lib/avr5/libm.a(fp_round.o)
                              /usr/lib/gcc/avr/7.3.0/../../../avr/lib/avr5/libm.a(divsf3.o) (__fp_round)
/usr/lib/gcc/avr/7.3.0/../../../avr/lib/avr5/libm.a(fp_split3.o)
                              /usr/lib/gcc/avr/7.3.0/../../../avr/lib/avr5/libm.a(divsf3x.o) (__fp_split3)
/usr/lib/gcc/avr/7.3.0/../../../avr/lib/avr5/libm.a(fp_zero.o)
                              /usr/lib/gcc/avr/7.3.0/../../../avr/lib/avr5/libm.a(fixunssfsi.o) (__fp_zero)
/usr/lib/gcc/avr/7.3.0/avr5/libgcc.a(_udivmodqi4.o)
                              objdir/main.o (__udivmodqi4)
/usr/lib/gcc/avr/7.3.0/avr5/libgcc.a(_udivmodsi4.o)
                              objdir/main.o (__udivmodsi4)
/usr/lib/gcc/avr/7.3.0/avr5/libgcc.a(_divmodsi4.o)
                              objdir/LCD.o (__divmodsi4)
/usr/lib/gcc/avr/7.3.0/avr5/libgcc.a(_negsi2.o)
                              /usr/lib/gcc/avr/7.3.0/avr5/libgcc.a(_divmodsi4.o) (__negsi2)
/usr/lib/gcc/avr/7.3.0/avr5/libgcc.a(_exit.o)
                              /usr/lib/gcc/avr/7.3.0/../../../avr/lib/avr5/crtatmega169pa.o (exit)
/usr/lib/gcc/avr/7.3.0/avr5/libgcc.a(_tablejump2.o)
                              objdir/LCD.o (__tablejump2__)
/usr/lib/gcc/avr/7.3.0/avr5/libgcc.a(_copy_data.o)
                              objdir/main.o (__do_copy_data)
/usr/lib/gcc/avr/7.3.0/avr5/libgcc.a(_clear_bss.o)
                              objdir/main.o (__do_clear_bss)
/usr/lib/gcc/avr/7.3.0/avr5/libgcc.a(_ctors.o)
                              objdir/main.o (__do_global_ctors)
/usr/lib/gcc/avr/7.3.0/avr5/libgcc.a(_dtors.o)
                              objdir/main.o (__do_global_dtors)
/usr/lib/gcc/avr/7.3.0/avr5/libgcc.a(_prologue.o)
                              /usr/lib/gcc/avr/7.3.0/../../../avr/lib/avr5/libprintf_flt.a(vfprintf_flt.o) (__prologue_saves__)
/usr/lib/gcc/avr/7.3.0/avr5/libgcc.a(_epilogue.o)
                              /usr/lib/gcc/avr/7.3.0/../../../avr/lib/avr5/libprintf_flt.a(vfprintf_flt.o) (__epilogue_restores__)
/usr/lib/gcc/avr/7.3.0/../../../avr/lib/avr5/libc.a(ftoa_engine.o)
                              /usr/lib/gcc/avr/7.3.0/../../../avr/lib/avr5/libprintf_flt.a(vfprintf_flt.o) (__ftoa_engine)
/usr/lib/gcc/avr/7.3.0/../../../avr/lib/avr5/libc.a(strnlen_P.o)
                              /usr/lib/gcc/avr/7.3.0/../../../avr/lib/avr5/libprintf_flt.a(vfprintf_flt.o) (strnlen_P)
/usr/lib/gcc/avr/7.3.0/../../../avr/lib/avr5/libc.a(strnlen.o)
                              /usr/lib/gcc/avr/7.3.0/../../../avr/lib/avr5/libprintf_flt.a(vfprintf_flt.o) (strnlen)
/usr/lib/gcc/avr/7.3.0/../../../avr/lib/avr5/libc.a(ltoa.o)
                              objdir/UART.o (__ltoa)
/usr/lib/gcc/avr/7.3.0/../../../avr/lib/avr5/libc.a(ltoa_ncheck.o)
                              objdir/UART.o (__ltoa_ncheck)
/usr/lib/gcc/avr/7.3.0/../../../avr/lib/avr5/libc.a(ultoa_ncheck.o)
                              /usr/lib/gcc/avr/7.3.0/../../../avr/lib/avr5/libc.a(ltoa_ncheck.o) (__ultoa_common)
/usr/lib/gcc/avr/7.3.0/../../../avr/lib/avr5/libc.a(fputc.o)
                              /usr/lib/gcc/avr/7.3.0/../../../avr/lib/avr5/libprintf_flt.a(vfprintf_flt.o) (fputc)
/usr/lib/gcc/avr/7.3.0/../../../avr/lib/avr5/libc.a(ultoa_invert.o)
                              /usr/lib/gcc/avr/7.3.0/../../../avr/lib/avr5/libprintf_flt.a(vfprintf_flt.o) (__ultoa_invert)
/usr/lib/gcc/avr/7.3.0/../../../avr/lib/avr5/libc.a(strrev.o)
                              /usr/lib/gcc/avr/7.3.0/../../../avr/lib/avr5/libc.a(ultoa_ncheck.o) (strrev)

Memory Configuration

Name             Origin             Length             Attributes
text             0x0000000000000000 0x0000000000004000 xr
data             0x0000000000800100 0x0000000000000400 rw !x
eeprom           0x0000000000810000 0x0000000000000200 rw !x
fuse             0x0000000000820000 0x0000000000000003 rw !x
lock             0x0000000000830000 0x0000000000000400 rw !x
signature        0x0000000000840000 0x0000000000000400 rw !x
user_signatures  0x0000000000850000 0x0000000000000400 rw !x
*default*        0x0000000000000000 0xffffffffffffffff

Linker script and memory map

Address of section .data set to 0x800100
LOAD /usr/lib/gcc/avr/7.3.0/../../../avr/lib/avr5/crtatmega169pa.o
LOAD objdir/main.o
LOAD objdir/UART.o
LOAD objdir/LCD.o
LOAD objdir/Programs.o
LOAD /usr/lib/gcc/avr/7.3.0/../../../avr/lib/avr5/libprintf_flt.a
LOAD /usr/lib/gcc/avr/7.3.0/../../../avr/lib/avr5/libm.a
START GROUP
LOAD /usr/lib/gcc/avr/7.3.0/avr5/libgcc.a
LOAD /usr/lib/gcc/avr/7.3.0/../../../avr/lib/avr5/libm.a
LOAD /usr/lib/gcc/avr/7.3.0/../../../avr/lib/avr5/libc.a
LOAD /usr/lib/gcc/avr/7.3.0/../../../avr/lib/avr5/libatmega169pa.a
END GROUP
                0x0000000000000000                __TEXT_REGION_ORIGIN__ = DEFINED (__TEXT_REGION_ORIGIN__)?__TEXT_REGION_ORIGIN__:0x0
                [0x0000000000800100]                __DATA_REGION_ORIGIN__ = DEFINED (__DATA_REGION_ORIGIN__)?__DATA_REGION_ORIGIN__:0x800060
                [0x0000000000004000]                __TEXT_REGION_LENGTH__ = DEFINED (__TEXT_REGION_LENGTH__)?__TEXT_REGION_LENGTH__:0x20000
                [0x0000000000000400]                __DATA_REGION_LENGTH__ = DEFINED (__DATA_REGION_LENGTH__)?__DATA_REGION_LENGTH__:0xffa0
                [0x0000000000000200]                __EEPROM_REGION_LENGTH__ = DEFINED (__EEPROM_REGION_LENGTH__)?__EEPROM_REGION_LENGTH__:0x10000
                [0x0000000000000003]                __FUSE_REGION_LENGTH__ = DEFINED (__FUSE_REGION_LENGTH__)?__FUSE_REGION_LENGTH__:0x400
                0x0000000000000400                __LOCK_REGION_LENGTH__ = DEFINED (__LOCK_REGION_LENGTH__)?__LOCK_REGION_LENGTH__:0x400
                0x0000000000000400                __SIGNATURE_REGION_LENGTH__ = DEFINED (__SIGNATURE_REGION_LENGTH__)?__SIGNATURE_REGION_LENGTH__:0x400
                0x0000000000000400                __USER_SIGNATURE_REGION_LENGTH__ = DEFINED (__USER_SIGNATURE_REGION_LENGTH__)?__USER_SIGNATURE_REGION_LENGTH__:0x400

.hash
 *(.hash)

.dynsym
 *(.dynsym)

.dynstr
 *(.dynstr)

.gnu.version
 *(.gnu.version)

.gnu.version_d
 *(.gnu.version_d)

.gnu.version_r
 *(.gnu.version_r)

.rel.init
 *(.rel.init)

.rela.init
 *(.rela.init)

.rel.text
 *(.rel.text)
 *(.rel.text.*)
 *(.rel.gnu.linkonce.t*)

.rela.text
 *(.rela.text)
 *(.rela.text.*)
 *(.rela.gnu.linkonce.t*)

.rel.fini
 *(.rel.fini)

.rela.fini
 *(.rela.fini)

.rel.rodata
 *(.rel.rodata)
 *(.rel.rodata.*)
 *(.rel.gnu.linkonce.r*)

.rela.rodata
 *(.rela.rodata)
 *(.rela.rodata.*)
 *(.rela.gnu.linkonce.r*)

.rel.data
 *(.rel.data)
 *(.rel.data.*)
 *(.rel.gnu.linkonce.d*)

.rela.data
 *(.rela.data)
 *(.rela.data.*)
 *(.rela.gnu.linkonce.d*)

.rel.ctors
 *(.rel.ctors)

.rela.ctors
 *(.rela.ctors)

.rel.dtors
 *(.rel.dtors)

.rela.dtors
 *(.rela.dtors)

.rel.got
 *(.rel.got)

.rela.got
 *(.rela.got)

.rel.bss
 *(.rel.bss)

.rela.bss
 *(.rela.bss)

.rel.plt
 *(.rel.plt)

.rela.plt
 *(.rela.plt)

.text           0x0000000000000000     0x1b86
 *(.vectors)
 .vectors       0x0000000000000000       0x5c /usr/lib/gcc/avr/7.3.0/../../../avr/lib/avr5/crtatmega169pa.o
                0x0000000000000000                __vectors
                0x0000000000000000                __vector_default
 *(.vectors)
 *(.progmem.gcc*)
                0x000000000000005c                . = ALIGN (0x2)
                0x000000000000005c                __trampolines_start = .
 *(.trampolines)
 .trampolines   0x000000000000005c        0x0 linker stubs
 *(.trampolines*)
                0x000000000000005c                __trampolines_end = .
 *libprintf_flt.a:*(.progmem.data)
 .progmem.data  0x000000000000005c        0x8 /usr/lib/gcc/avr/7.3.0/../../../avr/lib/avr5/libprintf_flt.a(vfprintf_flt.o)
 *libc.a:*(.progmem.data)
 .progmem.data  0x0000000000000064       0xfa /usr/lib/gcc/avr/7.3.0/../../../avr/lib/avr5/libc.a(ftoa_engine.o)
 *(.progmem*)
                0x000000000000015e                . = ALIGN (0x2)
 *(.jumptables)
 *(.jumptables*)
 *(.lowtext)
 *(.lowtext*)
                0x000000000000015e                __ctors_start = .
 *(.ctors)
 .ctors         0x000000000000015e        0x2 objdir/main.o
                0x0000000000000160                __ctors_end = .
                0x0000000000000160                __dtors_start = .
 *(.dtors)
 .dtors         0x0000000000000160        0x2 objdir/main.o
                0x0000000000000162                __dtors_end = .
 SORT(*)(.ctors)
 SORT(*)(.dtors)
 *(.init0)
 .init0         0x0000000000000162        0x0 /usr/lib/gcc/avr/7.3.0/../../../avr/lib/avr5/crtatmega169pa.o
                0x0000000000000162                __init
 *(.init0)
 *(.init1)
 *(.init1)
 *(.init2)
 .init2         0x0000000000000162        0xc /usr/lib/gcc/avr/7.3.0/../../../avr/lib/avr5/crtatmega169pa.o
 *(.init2)
 *(.init3)
 *(.init3)
 *(.init4)
 .init4         0x000000000000016e       0x16 /usr/lib/gcc/avr/7.3.0/avr5/libgcc.a(_copy_data.o)
                0x000000000000016e                __do_copy_data
 .init4         0x0000000000000184       0x10 /usr/lib/gcc/avr/7.3.0/avr5/libgcc.a(_clear_bss.o)
                0x0000000000000184                __do_clear_bss
 *(.init4)
 *(.init5)
 *(.init5)
 *(.init6)
 .init6         0x0000000000000194       0x16 /usr/lib/gcc/avr/7.3.0/avr5/libgcc.a(_ctors.o)
                0x0000000000000194                __do_global_ctors
 *(.init6)
 *(.init7)
 *(.init7)
 *(.init8)
 *(.init8)
 *(.init9)
 .init9         0x00000000000001aa        0x8 /usr/lib/gcc/avr/7.3.0/../../../avr/lib/avr5/crtatmega169pa.o
 *(.init9)
 *(.text)
 .text          0x00000000000001b2        0x4 /usr/lib/gcc/avr/7.3.0/../../../avr/lib/avr5/crtatmega169pa.o
                0x00000000000001b2                __vector_22
                0x00000000000001b2                __vector_1
                0x00000000000001b2                __vector_12
                0x00000000000001b2                __bad_interrupt
                0x00000000000001b2                __vector_6
                0x00000000000001b2                __vector_3
                0x00000000000001b2                __vector_11
                0x00000000000001b2                __vector_17
                0x00000000000001b2                __vector_5
                0x00000000000001b2                __vector_4
                0x00000000000001b2                __vector_9
                0x00000000000001b2                __vector_2
                0x00000000000001b2                __vector_21
                0x00000000000001b2                __vector_15
                0x00000000000001b2                __vector_8
                0x00000000000001b2                __vector_14
                0x00000000000001b2                __vector_10
                0x00000000000001b2                __vector_16
                0x00000000000001b2                __vector_18
                0x00000000000001b2                __vector_20
 .text          0x00000000000001b6      0x230 objdir/main.o
                0x00000000000001b6                __vector_19
                0x000000000000026e                __vector_7
                0x00000000000002ea                __vector_13
                0x0000000000000336                _Z9writeTimev
 .text          0x00000000000003e6      0x1c0 objdir/UART.o
                0x00000000000003e6                _ZN4UARTC2Ev
                0x00000000000003e6                _ZN4UARTC1Ev
                0x0000000000000414                _ZN4UARTD1Ev
                0x0000000000000414                _ZN4UARTD2Ev
                0x0000000000000416                _ZN4UART8sendByteEc
                0x0000000000000424                _ZN4UART10sendStringEPc
                0x0000000000000448                _ZN4UART10sendStringEPcb
                0x0000000000000490                _ZN4UART6sendNbElhb
                0x00000000000004e2                _ZN4UART6sendNbEl
                0x000000000000053e                _ZN4UART7getCharEv
                0x0000000000000550                _ZN4UART7receiveEv
                0x0000000000000578                _ZN4UART8retrieveEv
                0x0000000000000594                _ZN4UART15isDataAvailableEv
 .text          0x00000000000005a6      0x37c objdir/LCD.o
                0x00000000000005a6                _ZN3LCDC1Eb
                0x00000000000005a6                _ZN3LCDC2Eb
                0x00000000000005f0                _ZN3LCDD1Ev
                0x00000000000005f0                _ZN3LCDD2Ev
                0x0000000000000614                _ZN3LCD8setDigitEhh
                0x0000000000000690                _ZN3LCD8setDigitEhNS_6SymbolE
                0x0000000000000702                _ZN3LCD10setBatteryENS_7BatteryE
                0x00000000000007c4                _ZN3LCD5setDPEb
                0x00000000000007dc                _ZN3LCD6setClkEb
                0x00000000000007f4                _ZN3LCD5getDPEv
                0x00000000000007fe                _ZN3LCD6getClkEv
                0x0000000000000806                _ZN3LCD5setNbElh
                0x00000000000008ec                _ZN3LCD5setNbEl
                0x00000000000008f2                _ZN3LCD5clearEb
                0x000000000000091c                _ZN3LCD5clearEv
 .text          0x0000000000000922      0x224 objdir/Programs.o
                0x0000000000000922                _ZN7ProgramD1Ev
                0x0000000000000922                _ZN7ProgramD2Ev
                0x0000000000000924                _ZN7Program4showEv
                0x0000000000000966                _ZN4BeepC1Ev
                0x0000000000000966                _ZN4BeepC2Ev
                0x0000000000000970                _ZN7ProgramC2EP3LCD
                0x0000000000000970                _ZN7ProgramC1EP3LCD
                0x0000000000000996                _ZN4BeepD2Ev
                0x0000000000000996                _ZN4BeepD1Ev
                0x0000000000000998                _ZN4Beep2onEv
                0x00000000000009a0                _ZN4Beep7singleBEv
                0x00000000000009aa                _ZN4Beep5dualBEv
                0x00000000000009b4                _ZN4Beep5longBEv
                0x00000000000009be                _ZN7Program5startEm
                0x0000000000000a3e                _ZN7Program4stopEv
                0x0000000000000a54                _ZN7Program6updateEm
                0x0000000000000b1a                _ZN4Beep6updateEv
                0x0000000000000b42                _ZN4Beep3offEv
 .text          0x0000000000000b46        0x0 /usr/lib/gcc/avr/7.3.0/../../../avr/lib/avr5/libprintf_flt.a(vfprintf_flt.o)
 .text          0x0000000000000b46        0x0 /usr/lib/gcc/avr/7.3.0/../../../avr/lib/avr5/libm.a(divsf3.o)
 .text          0x0000000000000b46        0x0 /usr/lib/gcc/avr/7.3.0/../../../avr/lib/avr5/libm.a(divsf3x.o)
 .text          0x0000000000000b46        0x0 /usr/lib/gcc/avr/7.3.0/../../../avr/lib/avr5/libm.a(fixunssfsi.o)
 .text          0x0000000000000b46        0x0 /usr/lib/gcc/avr/7.3.0/../../../avr/lib/avr5/libm.a(floatsisf.o)
 .text          0x0000000000000b46        0x0 /usr/lib/gcc/avr/7.3.0/../../../avr/lib/avr5/libm.a(fp_inf.o)
 .text          0x0000000000000b46        0x0 /usr/lib/gcc/avr/7.3.0/../../../avr/lib/avr5/libm.a(fp_nan.o)
 .text          0x0000000000000b46        0x0 /usr/lib/gcc/avr/7.3.0/../../../avr/lib/avr5/libm.a(fp_pscA.o)
 .text          0x0000000000000b46        0x0 /usr/lib/gcc/avr/7.3.0/../../../avr/lib/avr5/libm.a(fp_pscB.o)
 .text          0x0000000000000b46        0x0 /usr/lib/gcc/avr/7.3.0/../../../avr/lib/avr5/libm.a(fp_round.o)
 .text          0x0000000000000b46        0x0 /usr/lib/gcc/avr/7.3.0/../../../avr/lib/avr5/libm.a(fp_split3.o)
 .text          0x0000000000000b46        0x0 /usr/lib/gcc/avr/7.3.0/../../../avr/lib/avr5/libm.a(fp_zero.o)
 .text          0x0000000000000b46        0x0 /usr/lib/gcc/avr/7.3.0/avr5/libgcc.a(_udivmodqi4.o)
 .text          0x0000000000000b46        0x0 /usr/lib/gcc/avr/7.3.0/avr5/libgcc.a(_udivmodsi4.o)
 .text          0x0000000000000b46        0x0 /usr/lib/gcc/avr/7.3.0/avr5/libgcc.a(_divmodsi4.o)
 .text          0x0000000000000b46        0x0 /usr/lib/gcc/avr/7.3.0/avr5/libgcc.a(_negsi2.o)
 .text          0x0000000000000b46        0x0 /usr/lib/gcc/avr/7.3.0/avr5/libgcc.a(_exit.o)
 .text          0x0000000000000b46        0x0 /usr/lib/gcc/avr/7.3.0/avr5/libgcc.a(_tablejump2.o)
 .text          0x0000000000000b46        0x0 /usr/lib/gcc/avr/7.3.0/avr5/libgcc.a(_copy_data.o)
 .text          0x0000000000000b46        0x0 /usr/lib/gcc/avr/7.3.0/avr5/libgcc.a(_clear_bss.o)
 .text          0x0000000000000b46        0x0 /usr/lib/gcc/avr/7.3.0/avr5/libgcc.a(_ctors.o)
 .text          0x0000000000000b46        0x0 /usr/lib/gcc/avr/7.3.0/avr5/libgcc.a(_dtors.o)
 .text          0x0000000000000b46        0x0 /usr/lib/gcc/avr/7.3.0/avr5/libgcc.a(_prologue.o)
 .text          0x0000000000000b46        0x0 /usr/lib/gcc/avr/7.3.0/avr5/libgcc.a(_epilogue.o)
 .text          0x0000000000000b46        0x0 /usr/lib/gcc/avr/7.3.0/../../../avr/lib/avr5/libc.a(ftoa_engine.o)
 .text          0x0000000000000b46        0x0 /usr/lib/gcc/avr/7.3.0/../../../avr/lib/avr5/libc.a(strnlen_P.o)
 .text          0x0000000000000b46        0x0 /usr/lib/gcc/avr/7.3.0/../../../avr/lib/avr5/libc.a(strnlen.o)
 .text          0x0000000000000b46        0x0 /usr/lib/gcc/avr/7.3.0/../../../avr/lib/avr5/libc.a(ltoa.o)
 .text          0x0000000000000b46        0x0 /usr/lib/gcc/avr/7.3.0/../../../avr/lib/avr5/libc.a(ltoa_ncheck.o)
 .text          0x0000000000000b46        0x0 /usr/lib/gcc/avr/7.3.0/../../../avr/lib/avr5/libc.a(ultoa_ncheck.o)
 .text          0x0000000000000b46        0x0 /usr/lib/gcc/avr/7.3.0/../../../avr/lib/avr5/libc.a(fputc.o)
 .text          0x0000000000000b46        0x0 /usr/lib/gcc/avr/7.3.0/../../../avr/lib/avr5/libc.a(ultoa_invert.o)
 .text          0x0000000000000b46        0x0 /usr/lib/gcc/avr/7.3.0/../../../avr/lib/avr5/libc.a(strrev.o)
                0x0000000000000b46                . = ALIGN (0x2)
 *(.text.*)
 .text.startup  0x0000000000000b46      0x24a objdir/main.o
                0x0000000000000b46                main
 .text.exit     0x0000000000000d90       0x18 objdir/main.o
 .text.avr-libc
                0x0000000000000da8      0x6c2 /usr/lib/gcc/avr/7.3.0/../../../avr/lib/avr5/libprintf_flt.a(vfprintf_flt.o)
                0x0000000000000da8                vfprintf
 .text.avr-libc.fplib
                0x000000000000146a        0x8 /usr/lib/gcc/avr/7.3.0/../../../avr/lib/avr5/libm.a(divsf3.o)
                0x000000000000146a                __divsf3
 .text.avr-libc.fplib
                0x0000000000001472       0xdc /usr/lib/gcc/avr/7.3.0/../../../avr/lib/avr5/libm.a(divsf3x.o)
                0x0000000000001492                __divsf3x
                0x0000000000001498                __divsf3_pse
 .text.avr-libc.fplib
                0x000000000000154e       0x5e /usr/lib/gcc/avr/7.3.0/../../../avr/lib/avr5/libm.a(fixunssfsi.o)
                0x000000000000154e                __fixunssfsi
 .text.avr-libc.fplib
                0x00000000000015ac       0x7a /usr/lib/gcc/avr/7.3.0/../../../avr/lib/avr5/libm.a(floatsisf.o)
                0x00000000000015ac                __floatunsisf
                0x00000000000015b0                __floatsisf
 .text.avr-libc.fplib
                0x0000000000001626        0xc /usr/lib/gcc/avr/7.3.0/../../../avr/lib/avr5/libm.a(fp_inf.o)
                0x0000000000001626                __fp_inf
 .text.avr-libc.fplib
                0x0000000000001632        0x6 /usr/lib/gcc/avr/7.3.0/../../../avr/lib/avr5/libm.a(fp_nan.o)
                0x0000000000001632                __fp_nan
 .text.avr-libc.fplib
                0x0000000000001638        0xe /usr/lib/gcc/avr/7.3.0/../../../avr/lib/avr5/libm.a(fp_pscA.o)
                0x0000000000001638                __fp_pscA
 .text.avr-libc.fplib
                0x0000000000001646        0xe /usr/lib/gcc/avr/7.3.0/../../../avr/lib/avr5/libm.a(fp_pscB.o)
                0x0000000000001646                __fp_pscB
 .text.avr-libc.fplib
                0x0000000000001654       0x22 /usr/lib/gcc/avr/7.3.0/../../../avr/lib/avr5/libm.a(fp_round.o)
                0x0000000000001654                __fp_round
 .text.avr-libc.fplib
                0x0000000000001676       0x44 /usr/lib/gcc/avr/7.3.0/../../../avr/lib/avr5/libm.a(fp_split3.o)
                0x0000000000001676                __fp_split3
                0x0000000000001686                __fp_splitA
 .text.avr-libc.fplib
                0x00000000000016ba        0xe /usr/lib/gcc/avr/7.3.0/../../../avr/lib/avr5/libm.a(fp_zero.o)
                0x00000000000016ba                __fp_zero
                0x00000000000016bc                __fp_szero
 .text.libgcc.mul
                0x00000000000016c8        0x0 /usr/lib/gcc/avr/7.3.0/avr5/libgcc.a(_udivmodqi4.o)
 .text.libgcc.div
                0x00000000000016c8       0x18 /usr/lib/gcc/avr/7.3.0/avr5/libgcc.a(_udivmodqi4.o)
                0x00000000000016c8                __udivmodqi4
 .text.libgcc   0x00000000000016e0        0x0 /usr/lib/gcc/avr/7.3.0/avr5/libgcc.a(_udivmodqi4.o)
 .text.libgcc.prologue
                0x00000000000016e0        0x0 /usr/lib/gcc/avr/7.3.0/avr5/libgcc.a(_udivmodqi4.o)
 .text.libgcc.builtins
                0x00000000000016e0        0x0 /usr/lib/gcc/avr/7.3.0/avr5/libgcc.a(_udivmodqi4.o)
 .text.libgcc.fmul
                0x00000000000016e0        0x0 /usr/lib/gcc/avr/7.3.0/avr5/libgcc.a(_udivmodqi4.o)
 .text.libgcc.fixed
                0x00000000000016e0        0x0 /usr/lib/gcc/avr/7.3.0/avr5/libgcc.a(_udivmodqi4.o)
 .text.libgcc.mul
                0x00000000000016e0        0x0 /usr/lib/gcc/avr/7.3.0/avr5/libgcc.a(_udivmodsi4.o)
 .text.libgcc.div
                0x00000000000016e0       0x44 /usr/lib/gcc/avr/7.3.0/avr5/libgcc.a(_udivmodsi4.o)
                0x00000000000016e0                __udivmodsi4
 .text.libgcc   0x0000000000001724        0x0 /usr/lib/gcc/avr/7.3.0/avr5/libgcc.a(_udivmodsi4.o)
 .text.libgcc.prologue
                0x0000000000001724        0x0 /usr/lib/gcc/avr/7.3.0/avr5/libgcc.a(_udivmodsi4.o)
 .text.libgcc.builtins
                0x0000000000001724        0x0 /usr/lib/gcc/avr/7.3.0/avr5/libgcc.a(_udivmodsi4.o)
 .text.libgcc.fmul
                0x0000000000001724        0x0 /usr/lib/gcc/avr/7.3.0/avr5/libgcc.a(_udivmodsi4.o)
 .text.libgcc.fixed
                0x0000000000001724        0x0 /usr/lib/gcc/avr/7.3.0/avr5/libgcc.a(_udivmodsi4.o)
 .text.libgcc.mul
                0x0000000000001724        0x0 /usr/lib/gcc/avr/7.3.0/avr5/libgcc.a(_divmodsi4.o)
 .text.libgcc.div
                0x0000000000001724       0x2e /usr/lib/gcc/avr/7.3.0/avr5/libgcc.a(_divmodsi4.o)
                0x0000000000001724                __divmodsi4
 .text.libgcc   0x0000000000001752        0x0 /usr/lib/gcc/avr/7.3.0/avr5/libgcc.a(_divmodsi4.o)
 .text.libgcc.prologue
                0x0000000000001752        0x0 /usr/lib/gcc/avr/7.3.0/avr5/libgcc.a(_divmodsi4.o)
 .text.libgcc.builtins
                0x0000000000001752        0x0 /usr/lib/gcc/avr/7.3.0/avr5/libgcc.a(_divmodsi4.o)
 .text.libgcc.fmul
                0x0000000000001752        0x0 /usr/lib/gcc/avr/7.3.0/avr5/libgcc.a(_divmodsi4.o)
 .text.libgcc.fixed
                0x0000000000001752        0x0 /usr/lib/gcc/avr/7.3.0/avr5/libgcc.a(_divmodsi4.o)
 .text.libgcc.mul
                0x0000000000001752        0x0 /usr/lib/gcc/avr/7.3.0/avr5/libgcc.a(_negsi2.o)
 .text.libgcc.div
                0x0000000000001752       0x10 /usr/lib/gcc/avr/7.3.0/avr5/libgcc.a(_negsi2.o)
                0x0000000000001752                __negsi2
 .text.libgcc   0x0000000000001762        0x0 /usr/lib/gcc/avr/7.3.0/avr5/libgcc.a(_negsi2.o)
 .text.libgcc.prologue
                0x0000000000001762        0x0 /usr/lib/gcc/avr/7.3.0/avr5/libgcc.a(_negsi2.o)
 .text.libgcc.builtins
                0x0000000000001762        0x0 /usr/lib/gcc/avr/7.3.0/avr5/libgcc.a(_negsi2.o)
 .text.libgcc.fmul
                0x0000000000001762        0x0 /usr/lib/gcc/avr/7.3.0/avr5/libgcc.a(_negsi2.o)
 .text.libgcc.fixed
                0x0000000000001762        0x0 /usr/lib/gcc/avr/7.3.0/avr5/libgcc.a(_negsi2.o)
 .text.libgcc.mul
                0x0000000000001762        0x0 /usr/lib/gcc/avr/7.3.0/avr5/libgcc.a(_exit.o)
 .text.libgcc.div
                0x0000000000001762        0x0 /usr/lib/gcc/avr/7.3.0/avr5/libgcc.a(_exit.o)
 .text.libgcc   0x0000000000001762        0x0 /usr/lib/gcc/avr/7.3.0/avr5/libgcc.a(_exit.o)
 .text.libgcc.prologue
                0x0000000000001762        0x0 /usr/lib/gcc/avr/7.3.0/avr5/libgcc.a(_exit.o)
 .text.libgcc.builtins
                0x0000000000001762        0x0 /usr/lib/gcc/avr/7.3.0/avr5/libgcc.a(_exit.o)
 .text.libgcc.fmul
                0x0000000000001762        0x0 /usr/lib/gcc/avr/7.3.0/avr5/libgcc.a(_exit.o)
 .text.libgcc.fixed
                0x0000000000001762        0x0 /usr/lib/gcc/avr/7.3.0/avr5/libgcc.a(_exit.o)
 .text.libgcc.mul
                0x0000000000001762        0x0 /usr/lib/gcc/avr/7.3.0/avr5/libgcc.a(_tablejump2.o)
 .text.libgcc.div
                0x0000000000001762        0x0 /usr/lib/gcc/avr/7.3.0/avr5/libgcc.a(_tablejump2.o)
 .text.libgcc   0x0000000000001762        0xc /usr/lib/gcc/avr/7.3.0/avr5/libgcc.a(_tablejump2.o)
                0x0000000000001762                __tablejump2__
 .text.libgcc.prologue
                0x000000000000176e        0x0 /usr/lib/gcc/avr/7.3.0/avr5/libgcc.a(_tablejump2.o)
 .text.libgcc.builtins
                0x000000000000176e        0x0 /usr/lib/gcc/avr/7.3.0/avr5/libgcc.a(_tablejump2.o)
 .text.libgcc.fmul
                0x000000000000176e        0x0 /usr/lib/gcc/avr/7.3.0/avr5/libgcc.a(_tablejump2.o)
 .text.libgcc.fixed
                0x000000000000176e        0x0 /usr/lib/gcc/avr/7.3.0/avr5/libgcc.a(_tablejump2.o)
 .text.libgcc.mul
                0x000000000000176e        0x0 /usr/lib/gcc/avr/7.3.0/avr5/libgcc.a(_copy_data.o)
 .text.libgcc.div
                0x000000000000176e        0x0 /usr/lib/gcc/avr/7.3.0/avr5/libgcc.a(_copy_data.o)
 .text.libgcc   0x000000000000176e        0x0 /usr/lib/gcc/avr/7.3.0/avr5/libgcc.a(_copy_data.o)
 .text.libgcc.prologue
                0x000000000000176e        0x0 /usr/lib/gcc/avr/7.3.0/avr5/libgcc.a(_copy_data.o)
 .text.libgcc.builtins
                0x000000000000176e        0x0 /usr/lib/gcc/avr/7.3.0/avr5/libgcc.a(_copy_data.o)
 .text.libgcc.fmul
                0x000000000000176e        0x0 /usr/lib/gcc/avr/7.3.0/avr5/libgcc.a(_copy_data.o)
 .text.libgcc.fixed
                0x000000000000176e        0x0 /usr/lib/gcc/avr/7.3.0/avr5/libgcc.a(_copy_data.o)
 .text.libgcc.mul
                0x000000000000176e        0x0 /usr/lib/gcc/avr/7.3.0/avr5/libgcc.a(_clear_bss.o)
 .text.libgcc.div
                0x000000000000176e        0x0 /usr/lib/gcc/avr/7.3.0/avr5/libgcc.a(_clear_bss.o)
 .text.libgcc   0x000000000000176e        0x0 /usr/lib/gcc/avr/7.3.0/avr5/libgcc.a(_clear_bss.o)
 .text.libgcc.prologue
                0x000000000000176e        0x0 /usr/lib/gcc/avr/7.3.0/avr5/libgcc.a(_clear_bss.o)
 .text.libgcc.builtins
                0x000000000000176e        0x0 /usr/lib/gcc/avr/7.3.0/avr5/libgcc.a(_clear_bss.o)
 .text.libgcc.fmul
                0x000000000000176e        0x0 /usr/lib/gcc/avr/7.3.0/avr5/libgcc.a(_clear_bss.o)
 .text.libgcc.fixed
                0x000000000000176e        0x0 /usr/lib/gcc/avr/7.3.0/avr5/libgcc.a(_clear_bss.o)
 .text.libgcc.mul
                0x000000000000176e        0x0 /usr/lib/gcc/avr/7.3.0/avr5/libgcc.a(_ctors.o)
 .text.libgcc.div
                0x000000000000176e        0x0 /usr/lib/gcc/avr/7.3.0/avr5/libgcc.a(_ctors.o)
 .text.libgcc   0x000000000000176e        0x0 /usr/lib/gcc/avr/7.3.0/avr5/libgcc.a(_ctors.o)
 .text.libgcc.prologue
                0x000000000000176e        0x0 /usr/lib/gcc/avr/7.3.0/avr5/libgcc.a(_ctors.o)
 .text.libgcc.builtins
                0x000000000000176e        0x0 /usr/lib/gcc/avr/7.3.0/avr5/libgcc.a(_ctors.o)
 .text.libgcc.fmul
                0x000000000000176e        0x0 /usr/lib/gcc/avr/7.3.0/avr5/libgcc.a(_ctors.o)
 .text.libgcc.fixed
                0x000000000000176e        0x0 /usr/lib/gcc/avr/7.3.0/avr5/libgcc.a(_ctors.o)
 .text.libgcc.mul
                0x000000000000176e        0x0 /usr/lib/gcc/avr/7.3.0/avr5/libgcc.a(_dtors.o)
 .text.libgcc.div
                0x000000000000176e        0x0 /usr/lib/gcc/avr/7.3.0/avr5/libgcc.a(_dtors.o)
 .text.libgcc   0x000000000000176e        0x0 /usr/lib/gcc/avr/7.3.0/avr5/libgcc.a(_dtors.o)
 .text.libgcc.prologue
                0x000000000000176e        0x0 /usr/lib/gcc/avr/7.3.0/avr5/libgcc.a(_dtors.o)
 .text.libgcc.builtins
                0x000000000000176e        0x0 /usr/lib/gcc/avr/7.3.0/avr5/libgcc.a(_dtors.o)
 .text.libgcc.fmul
                0x000000000000176e        0x0 /usr/lib/gcc/avr/7.3.0/avr5/libgcc.a(_dtors.o)
 .text.libgcc.fixed
                0x000000000000176e        0x0 /usr/lib/gcc/avr/7.3.0/avr5/libgcc.a(_dtors.o)
 .text.libgcc.mul
                0x000000000000176e        0x0 /usr/lib/gcc/avr/7.3.0/avr5/libgcc.a(_prologue.o)
 .text.libgcc.div
                0x000000000000176e        0x0 /usr/lib/gcc/avr/7.3.0/avr5/libgcc.a(_prologue.o)
 .text.libgcc   0x000000000000176e        0x0 /usr/lib/gcc/avr/7.3.0/avr5/libgcc.a(_prologue.o)
 .text.libgcc.prologue
                0x000000000000176e       0x38 /usr/lib/gcc/avr/7.3.0/avr5/libgcc.a(_prologue.o)
                0x000000000000176e                __prologue_saves__
 .text.libgcc.builtins
                0x00000000000017a6        0x0 /usr/lib/gcc/avr/7.3.0/avr5/libgcc.a(_prologue.o)
 .text.libgcc.fmul
                0x00000000000017a6        0x0 /usr/lib/gcc/avr/7.3.0/avr5/libgcc.a(_prologue.o)
 .text.libgcc.fixed
                0x00000000000017a6        0x0 /usr/lib/gcc/avr/7.3.0/avr5/libgcc.a(_prologue.o)
 .text.libgcc.mul
                0x00000000000017a6        0x0 /usr/lib/gcc/avr/7.3.0/avr5/libgcc.a(_epilogue.o)
 .text.libgcc.div
                0x00000000000017a6        0x0 /usr/lib/gcc/avr/7.3.0/avr5/libgcc.a(_epilogue.o)
 .text.libgcc   0x00000000000017a6        0x0 /usr/lib/gcc/avr/7.3.0/avr5/libgcc.a(_epilogue.o)
 .text.libgcc.prologue
                0x00000000000017a6       0x36 /usr/lib/gcc/avr/7.3.0/avr5/libgcc.a(_epilogue.o)
                0x00000000000017a6                __epilogue_restores__
 .text.libgcc.builtins
                0x00000000000017dc        0x0 /usr/lib/gcc/avr/7.3.0/avr5/libgcc.a(_epilogue.o)
 .text.libgcc.fmul
                0x00000000000017dc        0x0 /usr/lib/gcc/avr/7.3.0/avr5/libgcc.a(_epilogue.o)
 .text.libgcc.fixed
                0x00000000000017dc        0x0 /usr/lib/gcc/avr/7.3.0/avr5/libgcc.a(_epilogue.o)
 .text.avr-libc
                0x00000000000017dc      0x1b0 /usr/lib/gcc/avr/7.3.0/../../../avr/lib/avr5/libc.a(ftoa_engine.o)
                0x00000000000017dc                __ftoa_engine
 .text.avr-libc
                0x000000000000198c       0x16 /usr/lib/gcc/avr/7.3.0/../../../avr/lib/avr5/libc.a(strnlen_P.o)
                0x000000000000198c                strnlen_P
 .text.avr-libc
                0x00000000000019a2       0x16 /usr/lib/gcc/avr/7.3.0/../../../avr/lib/avr5/libc.a(strnlen.o)
                0x00000000000019a2                strnlen
 .text.avr-libc
                0x00000000000019b8       0x16 /usr/lib/gcc/avr/7.3.0/../../../avr/lib/avr5/libc.a(ltoa.o)
                0x00000000000019b8                __ltoa
                0x00000000000019b8                ltoa
 .text.avr-libc
                0x00000000000019ce       0x1e /usr/lib/gcc/avr/7.3.0/../../../avr/lib/avr5/libc.a(ltoa_ncheck.o)
                0x00000000000019ce                __ltoa_ncheck
 .text.avr-libc
                0x00000000000019ec       0x44 /usr/lib/gcc/avr/7.3.0/../../../avr/lib/avr5/libc.a(ultoa_ncheck.o)
                0x00000000000019ec                __ultoa_ncheck
                0x00000000000019ee                __ultoa_common
 .text.avr-libc
                0x0000000000001a30       0x60 /usr/lib/gcc/avr/7.3.0/../../../avr/lib/avr5/libc.a(fputc.o)
                0x0000000000001a30                fputc
 .text.avr-libc
                0x0000000000001a90       0xbc /usr/lib/gcc/avr/7.3.0/../../../avr/lib/avr5/libc.a(ultoa_invert.o)
                0x0000000000001a90                __ultoa_invert
 .text.avr-libc
                0x0000000000001b4c       0x20 /usr/lib/gcc/avr/7.3.0/../../../avr/lib/avr5/libc.a(strrev.o)
                0x0000000000001b4c                strrev
                0x0000000000001b6c                . = ALIGN (0x2)
 *(.fini9)
 .fini9         0x0000000000001b6c        0x0 /usr/lib/gcc/avr/7.3.0/avr5/libgcc.a(_exit.o)
                0x0000000000001b6c                exit
                0x0000000000001b6c                _exit
 *(.fini9)
 *(.fini8)
 *(.fini8)
 *(.fini7)
 *(.fini7)
 *(.fini6)
 .fini6         0x0000000000001b6c       0x16 /usr/lib/gcc/avr/7.3.0/avr5/libgcc.a(_dtors.o)
                0x0000000000001b6c                __do_global_dtors
 *(.fini6)
 *(.fini5)
 *(.fini5)
 *(.fini4)
 *(.fini4)
 *(.fini3)
 *(.fini3)
 *(.fini2)
 *(.fini2)
 *(.fini1)
 *(.fini1)
 *(.fini0)
 .fini0         0x0000000000001b82        0x4 /usr/lib/gcc/avr/7.3.0/avr5/libgcc.a(_exit.o)
 *(.fini0)
                0x0000000000001b86                _etext = .

.data           0x0000000000800100       0xd6 load address 0x0000000000001b86
                0x0000000000800100                PROVIDE (__data_start, .)
 *(.data)
 .data          0x0000000000800100        0x0 /usr/lib/gcc/avr/7.3.0/../../../avr/lib/avr5/crtatmega169pa.o
 .data          0x0000000000800100        0x5 objdir/main.o
                0x0000000000800100                total_time_ts
                0x0000000000800104                loop_cnt
 .data          0x0000000000800105        0x0 objdir/UART.o
 .data          0x0000000000800105       0x7e objdir/LCD.o
                0x0000000000800105                _ZN3LCD6digitsE
 .data          0x0000000000800183        0x0 objdir/Programs.o
 .data          0x0000000000800183        0x0 /usr/lib/gcc/avr/7.3.0/../../../avr/lib/avr5/libprintf_flt.a(vfprintf_flt.o)
 .data          0x0000000000800183        0x0 /usr/lib/gcc/avr/7.3.0/../../../avr/lib/avr5/libm.a(divsf3.o)
 .data          0x0000000000800183        0x0 /usr/lib/gcc/avr/7.3.0/../../../avr/lib/avr5/libm.a(divsf3x.o)
 .data          0x0000000000800183        0x0 /usr/lib/gcc/avr/7.3.0/../../../avr/lib/avr5/libm.a(fixunssfsi.o)
 .data          0x0000000000800183        0x0 /usr/lib/gcc/avr/7.3.0/../../../avr/lib/avr5/libm.a(floatsisf.o)
 .data          0x0000000000800183        0x0 /usr/lib/gcc/avr/7.3.0/../../../avr/lib/avr5/libm.a(fp_inf.o)
 .data          0x0000000000800183        0x0 /usr/lib/gcc/avr/7.3.0/../../../avr/lib/avr5/libm.a(fp_nan.o)
 .data          0x0000000000800183        0x0 /usr/lib/gcc/avr/7.3.0/../../../avr/lib/avr5/libm.a(fp_pscA.o)
 .data          0x0000000000800183        0x0 /usr/lib/gcc/avr/7.3.0/../../../avr/lib/avr5/libm.a(fp_pscB.o)
 .data          0x0000000000800183        0x0 /usr/lib/gcc/avr/7.3.0/../../../avr/lib/avr5/libm.a(fp_round.o)
 .data          0x0000000000800183        0x0 /usr/lib/gcc/avr/7.3.0/../../../avr/lib/avr5/libm.a(fp_split3.o)
 .data          0x0000000000800183        0x0 /usr/lib/gcc/avr/7.3.0/../../../avr/lib/avr5/libm.a(fp_zero.o)
 .data          0x0000000000800183        0x0 /usr/lib/gcc/avr/7.3.0/avr5/libgcc.a(_udivmodqi4.o)
 .data          0x0000000000800183        0x0 /usr/lib/gcc/avr/7.3.0/avr5/libgcc.a(_udivmodsi4.o)
 .data          0x0000000000800183        0x0 /usr/lib/gcc/avr/7.3.0/avr5/libgcc.a(_divmodsi4.o)
 .data          0x0000000000800183        0x0 /usr/lib/gcc/avr/7.3.0/avr5/libgcc.a(_negsi2.o)
 .data          0x0000000000800183        0x0 /usr/lib/gcc/avr/7.3.0/avr5/libgcc.a(_exit.o)
 .data          0x0000000000800183        0x0 /usr/lib/gcc/avr/7.3.0/avr5/libgcc.a(_tablejump2.o)
 .data          0x0000000000800183        0x0 /usr/lib/gcc/avr/7.3.0/avr5/libgcc.a(_copy_data.o)
 .data          0x0000000000800183        0x0 /usr/lib/gcc/avr/7.3.0/avr5/libgcc.a(_clear_bss.o)
 .data          0x0000000000800183        0x0 /usr/lib/gcc/avr/7.3.0/avr5/libgcc.a(_ctors.o)
 .data          0x0000000000800183        0x0 /usr/lib/gcc/avr/7.3.0/avr5/libgcc.a(_dtors.o)
 .data          0x0000000000800183        0x0 /usr/lib/gcc/avr/7.3.0/avr5/libgcc.a(_prologue.o)
 .data          0x0000000000800183        0x0 /usr/lib/gcc/avr/7.3.0/avr5/libgcc.a(_epilogue.o)
 .data          0x0000000000800183        0x0 /usr/lib/gcc/avr/7.3.0/../../../avr/lib/avr5/libc.a(ftoa_engine.o)
 .data          0x0000000000800183        0x0 /usr/lib/gcc/avr/7.3.0/../../../avr/lib/avr5/libc.a(strnlen_P.o)
 .data          0x0000000000800183        0x0 /usr/lib/gcc/avr/7.3.0/../../../avr/lib/avr5/libc.a(strnlen.o)
 .data          0x0000000000800183        0x0 /usr/lib/gcc/avr/7.3.0/../../../avr/lib/avr5/libc.a(ltoa.o)
 .data          0x0000000000800183        0x0 /usr/lib/gcc/avr/7.3.0/../../../avr/lib/avr5/libc.a(ltoa_ncheck.o)
 .data          0x0000000000800183        0x0 /usr/lib/gcc/avr/7.3.0/../../../avr/lib/avr5/libc.a(ultoa_ncheck.o)
 .data          0x0000000000800183        0x0 /usr/lib/gcc/avr/7.3.0/../../../avr/lib/avr5/libc.a(fputc.o)
 .data          0x0000000000800183        0x0 /usr/lib/gcc/avr/7.3.0/../../../avr/lib/avr5/libc.a(ultoa_invert.o)
 .data          0x0000000000800183        0x0 /usr/lib/gcc/avr/7.3.0/../../../avr/lib/avr5/libc.a(strrev.o)
 *(.data*)
 *(.gnu.linkonce.d*)
 *(.rodata)
 .rodata        0x0000000000800183        0xa objdir/LCD.o
                0x0000000000800183                _ZN3LCD5NbMapE
 .rodata        0x000000000080018d       0x31 objdir/Programs.o
                0x000000000080018d                _ZN7Program8LL_TnextE
                0x00000000008001a7                _ZN7Program7LL_TlapE
                0x00000000008001b4                _ZN7Program4Sym2E
                0x00000000008001b9                _ZN7Program4Sym1E
 *(.rodata*)
 .rodata.str1.1
                0x00000000008001be       0x18 objdir/main.o
 *(.gnu.linkonce.r*)
                0x00000000008001d6                . = ALIGN (0x2)
                0x00000000008001d6                _edata = .
                0x00000000008001d6                PROVIDE (__data_end, .)

.bss            0x00000000008001d6       0x2b
                0x00000000008001d6                PROVIDE (__bss_start, .)
 *(.bss)
 .bss           0x00000000008001d6        0x0 /usr/lib/gcc/avr/7.3.0/../../../avr/lib/avr5/crtatmega169pa.o
 .bss           0x00000000008001d6       0x2b objdir/main.o
                0x00000000008001d6                btn0_pressDuration
                0x00000000008001d7                btn1_state
                0x00000000008001d8                btn0_state
                0x00000000008001d9                flags_state
                0x00000000008001da                myProgram
                0x00000000008001ea                myLCD
                0x00000000008001eb                uart
 .bss           0x0000000000800201        0x0 objdir/UART.o
 .bss           0x0000000000800201        0x0 objdir/LCD.o
 .bss           0x0000000000800201        0x0 objdir/Programs.o
 .bss           0x0000000000800201        0x0 /usr/lib/gcc/avr/7.3.0/../../../avr/lib/avr5/libprintf_flt.a(vfprintf_flt.o)
 .bss           0x0000000000800201        0x0 /usr/lib/gcc/avr/7.3.0/../../../avr/lib/avr5/libm.a(divsf3.o)
 .bss           0x0000000000800201        0x0 /usr/lib/gcc/avr/7.3.0/../../../avr/lib/avr5/libm.a(divsf3x.o)
 .bss           0x0000000000800201        0x0 /usr/lib/gcc/avr/7.3.0/../../../avr/lib/avr5/libm.a(fixunssfsi.o)
 .bss           0x0000000000800201        0x0 /usr/lib/gcc/avr/7.3.0/../../../avr/lib/avr5/libm.a(floatsisf.o)
 .bss           0x0000000000800201        0x0 /usr/lib/gcc/avr/7.3.0/../../../avr/lib/avr5/libm.a(fp_inf.o)
 .bss           0x0000000000800201        0x0 /usr/lib/gcc/avr/7.3.0/../../../avr/lib/avr5/libm.a(fp_nan.o)
 .bss           0x0000000000800201        0x0 /usr/lib/gcc/avr/7.3.0/../../../avr/lib/avr5/libm.a(fp_pscA.o)
 .bss           0x0000000000800201        0x0 /usr/lib/gcc/avr/7.3.0/../../../avr/lib/avr5/libm.a(fp_pscB.o)
 .bss           0x0000000000800201        0x0 /usr/lib/gcc/avr/7.3.0/../../../avr/lib/avr5/libm.a(fp_round.o)
 .bss           0x0000000000800201        0x0 /usr/lib/gcc/avr/7.3.0/../../../avr/lib/avr5/libm.a(fp_split3.o)
 .bss           0x0000000000800201        0x0 /usr/lib/gcc/avr/7.3.0/../../../avr/lib/avr5/libm.a(fp_zero.o)
 .bss           0x0000000000800201        0x0 /usr/lib/gcc/avr/7.3.0/avr5/libgcc.a(_udivmodqi4.o)
 .bss           0x0000000000800201        0x0 /usr/lib/gcc/avr/7.3.0/avr5/libgcc.a(_udivmodsi4.o)
 .bss           0x0000000000800201        0x0 /usr/lib/gcc/avr/7.3.0/avr5/libgcc.a(_divmodsi4.o)
 .bss           0x0000000000800201        0x0 /usr/lib/gcc/avr/7.3.0/avr5/libgcc.a(_negsi2.o)
 .bss           0x0000000000800201        0x0 /usr/lib/gcc/avr/7.3.0/avr5/libgcc.a(_exit.o)
 .bss           0x0000000000800201        0x0 /usr/lib/gcc/avr/7.3.0/avr5/libgcc.a(_tablejump2.o)
 .bss           0x0000000000800201        0x0 /usr/lib/gcc/avr/7.3.0/avr5/libgcc.a(_copy_data.o)
 .bss           0x0000000000800201        0x0 /usr/lib/gcc/avr/7.3.0/avr5/libgcc.a(_clear_bss.o)
 .bss           0x0000000000800201        0x0 /usr/lib/gcc/avr/7.3.0/avr5/libgcc.a(_ctors.o)
 .bss           0x0000000000800201        0x0 /usr/lib/gcc/avr/7.3.0/avr5/libgcc.a(_dtors.o)
 .bss           0x0000000000800201        0x0 /usr/lib/gcc/avr/7.3.0/avr5/libgcc.a(_prologue.o)
 .bss           0x0000000000800201        0x0 /usr/lib/gcc/avr/7.3.0/avr5/libgcc.a(_epilogue.o)
 .bss           0x0000000000800201        0x0 /usr/lib/gcc/avr/7.3.0/../../../avr/lib/avr5/libc.a(ftoa_engine.o)
 .bss           0x0000000000800201        0x0 /usr/lib/gcc/avr/7.3.0/../../../avr/lib/avr5/libc.a(strnlen_P.o)
 .bss           0x0000000000800201        0x0 /usr/lib/gcc/avr/7.3.0/../../../avr/lib/avr5/libc.a(strnlen.o)
 .bss           0x0000000000800201        0x0 /usr/lib/gcc/avr/7.3.0/../../../avr/lib/avr5/libc.a(ltoa.o)
 .bss           0x0000000000800201        0x0 /usr/lib/gcc/avr/7.3.0/../../../avr/lib/avr5/libc.a(ltoa_ncheck.o)
 .bss           0x0000000000800201        0x0 /usr/lib/gcc/avr/7.3.0/../../../avr/lib/avr5/libc.a(ultoa_ncheck.o)
 .bss           0x0000000000800201        0x0 /usr/lib/gcc/avr/7.3.0/../../../avr/lib/avr5/libc.a(fputc.o)
 .bss           0x0000000000800201        0x0 /usr/lib/gcc/avr/7.3.0/../../../avr/lib/avr5/libc.a(ultoa_invert.o)
 .bss           0x0000000000800201        0x0 /usr/lib/gcc/avr/7.3.0/../../../avr/lib/avr5/libc.a(strrev.o)
 *(.bss*)
 *(COMMON)
                0x0000000000800201                PROVIDE (__bss_end, .)
                0x0000000000001b86                __data_load_start = LOADADDR (.data)
                0x0000000000001c5c                __data_load_end = (__data_load_start + SIZEOF (.data))

.noinit         0x0000000000800201        0x0
                [!provide]                        PROVIDE (__noinit_start, .)
 *(.noinit*)
                [!provide]                        PROVIDE (__noinit_end, .)
                0x0000000000800201                _end = .
                [!provide]                        PROVIDE (__heap_start, .)

.eeprom         0x0000000000810000        0x0
 *(.eeprom*)
                0x0000000000810000                __eeprom_end = .

.fuse
 *(.fuse)
 *(.lfuse)
 *(.hfuse)
 *(.efuse)

.lock
 *(.lock*)

.signature
 *(.signature*)

.user_signatures
 *(.user_signatures*)

.stab
 *(.stab)

.stabstr
 *(.stabstr)

.stab.excl
 *(.stab.excl)

.stab.exclstr
 *(.stab.exclstr)

.stab.index
 *(.stab.index)

.stab.indexstr
 *(.stab.indexstr)

.comment        0x0000000000000000       0x11
 *(.comment)
 .comment       0x0000000000000000       0x11 objdir/main.o
                                         0x12 (size before relaxing)
 .comment       0x0000000000000011       0x12 objdir/UART.o
 .comment       0x0000000000000011       0x12 objdir/LCD.o
 .comment       0x0000000000000011       0x12 objdir/Programs.o
 .comment       0x0000000000000011       0x12 /usr/lib/gcc/avr/7.3.0/../../../avr/lib/avr5/libprintf_flt.a(vfprintf_flt.o)
 .comment       0x0000000000000011       0x12 /usr/lib/gcc/avr/7.3.0/../../../avr/lib/avr5/libc.a(fputc.o)

.note.gnu.avr.deviceinfo
                0x0000000000000000       0x40
 .note.gnu.avr.deviceinfo
                0x0000000000000000       0x40 /usr/lib/gcc/avr/7.3.0/../../../avr/lib/avr5/crtatmega169pa.o

.avr.prop       0x0000000000000000       0x16
 .avr.prop      0x0000000000000000       0x16 objdir/LCD.o

.note.gnu.build-id
 *(.note.gnu.build-id)

.debug
 *(.debug)

.line
 *(.line)

.debug_srcinfo
 *(.debug_srcinfo)

.debug_sfnames
 *(.debug_sfnames)

.debug_aranges  0x0000000000000000       0x98
 *(.debug_aranges)
 .debug_aranges
                0x0000000000000000       0x38 objdir/main.o
 .debug_aranges
                0x0000000000000038       0x20 objdir/UART.o
 .debug_aranges
                0x0000000000000058       0x20 objdir/LCD.o
 .debug_aranges
                0x0000000000000078       0x20 objdir/Programs.o

.debug_pubnames
 *(.debug_pubnames)

.debug_info     0x0000000000000000     0x2f3a
 *(.debug_info .gnu.linkonce.wi.*)
 .debug_info    0x0000000000000000      0x7b6 /usr/lib/gcc/avr/7.3.0/../../../avr/lib/avr5/crtatmega169pa.o
 .debug_info    0x00000000000007b6      0xc9f objdir/main.o
 .debug_info    0x0000000000001455      0x811 objdir/UART.o
 .debug_info    0x0000000000001c66      0x7ea objdir/LCD.o
 .debug_info    0x0000000000002450      0xaea objdir/Programs.o

.debug_abbrev   0x0000000000000000     0x142b
 *(.debug_abbrev)
 .debug_abbrev  0x0000000000000000      0x74b /usr/lib/gcc/avr/7.3.0/../../../avr/lib/avr5/crtatmega169pa.o
 .debug_abbrev  0x000000000000074b      0x3a1 objdir/main.o
 .debug_abbrev  0x0000000000000aec      0x2a7 objdir/UART.o
 .debug_abbrev  0x0000000000000d93      0x341 objdir/LCD.o
 .debug_abbrev  0x00000000000010d4      0x357 objdir/Programs.o

.debug_line     0x0000000000000000      0xbf6
 *(.debug_line .debug_line.* .debug_line_end)
 .debug_line    0x0000000000000000       0x1a /usr/lib/gcc/avr/7.3.0/../../../avr/lib/avr5/crtatmega169pa.o
 .debug_line    0x000000000000001a      0x385 objdir/main.o
 .debug_line    0x000000000000039f      0x20a objdir/UART.o
 .debug_line    0x00000000000005a9      0x354 objdir/LCD.o
 .debug_line    0x00000000000008fd      0x2f9 objdir/Programs.o

.debug_frame    0x0000000000000000      0x5c0
 *(.debug_frame)
 .debug_frame   0x0000000000000000      0x198 objdir/main.o
 .debug_frame   0x0000000000000198      0x154 objdir/UART.o
 .debug_frame   0x00000000000002ec      0x174 objdir/LCD.o
 .debug_frame   0x0000000000000460      0x160 objdir/Programs.o

.debug_str      0x0000000000000000      0xb48
 *(.debug_str)
 .debug_str     0x0000000000000000      0x2b3 /usr/lib/gcc/avr/7.3.0/../../../avr/lib/avr5/crtatmega169pa.o
 .debug_str     0x00000000000002b3      0x6fa objdir/main.o
                                        0x766 (size before relaxing)
 .debug_str     0x00000000000009ad       0x6c objdir/UART.o
                                        0x374 (size before relaxing)
 .debug_str     0x0000000000000a19       0x90 objdir/LCD.o
                                        0x3c7 (size before relaxing)
 .debug_str     0x0000000000000aa9       0x9f objdir/Programs.o
                                        0x5b0 (size before relaxing)

.debug_loc      0x0000000000000000     0x1451
 *(.debug_loc)
 .debug_loc     0x0000000000000000      0x355 objdir/main.o
 .debug_loc     0x0000000000000355      0x650 objdir/UART.o
 .debug_loc     0x00000000000009a5      0x5ec objdir/LCD.o
 .debug_loc     0x0000000000000f91      0x4c0 objdir/Programs.o

.debug_macinfo
 *(.debug_macinfo)

.debug_weaknames
 *(.debug_weaknames)

.debug_funcnames
 *(.debug_funcnames)

.debug_typenames
 *(.debug_typenames)

.debug_varnames
 *(.debug_varnames)

.debug_pubtypes
 *(.debug_pubtypes)

.debug_ranges   0x0000000000000000       0xa8
 *(.debug_ranges)
 .debug_ranges  0x0000000000000000       0x28 objdir/main.o
 .debug_ranges  0x0000000000000028       0x18 objdir/UART.o
 .debug_ranges  0x0000000000000040       0x68 objdir/LCD.o

.debug_macro
 *(.debug_macro)
OUTPUT(main.elf elf32-avr)
LOAD linker stubs

Cross Reference Table

Symbol                                            File
_Z9writeTimev                                     objdir/main.o
_ZN3LCD10setBatteryENS_7BatteryE                  objdir/LCD.o
                                                  objdir/main.o
_ZN3LCD5NbMapE                                    objdir/LCD.o
_ZN3LCD5clearEb                                   objdir/LCD.o
_ZN3LCD5clearEv                                   objdir/LCD.o
_ZN3LCD5getDPEv                                   objdir/LCD.o
_ZN3LCD5setDPEb                                   objdir/LCD.o
                                                  objdir/main.o
_ZN3LCD5setNbEl                                   objdir/LCD.o
_ZN3LCD5setNbElh                                  objdir/LCD.o
                                                  objdir/Programs.o
_ZN3LCD6digitsE                                   objdir/LCD.o
_ZN3LCD6getClkEv                                  objdir/LCD.o
_ZN3LCD6setClkEb                                  objdir/LCD.o
                                                  objdir/main.o
_ZN3LCD8setDigitEhNS_6SymbolE                     objdir/LCD.o
                                                  objdir/Programs.o
                                                  objdir/main.o
_ZN3LCD8setDigitEhh                               objdir/LCD.o
                                                  objdir/Programs.o
                                                  objdir/main.o
_ZN3LCDC1Eb                                       objdir/LCD.o
                                                  objdir/main.o
_ZN3LCDC2Eb                                       objdir/LCD.o
_ZN3LCDD1Ev                                       objdir/LCD.o
                                                  objdir/main.o
_ZN3LCDD2Ev                                       objdir/LCD.o
_ZN4Beep2onEv                                     objdir/Programs.o
_ZN4Beep3offEv                                    objdir/Programs.o
_ZN4Beep5dualBEv                                  objdir/Programs.o
_ZN4Beep5longBEv                                  objdir/Programs.o
_ZN4Beep6updateEv                                 objdir/Programs.o
                                                  objdir/main.o
_ZN4Beep7singleBEv                                objdir/Programs.o
_ZN4BeepC1Ev                                      objdir/Programs.o
_ZN4BeepC2Ev                                      objdir/Programs.o
_ZN4BeepD1Ev                                      objdir/Programs.o
_ZN4BeepD2Ev                                      objdir/Programs.o
_ZN4UART10sendStringEPc                           objdir/UART.o
_ZN4UART10sendStringEPcb                          objdir/UART.o
                                                  objdir/main.o
_ZN4UART15isDataAvailableEv                       objdir/UART.o
                                                  objdir/main.o
_ZN4UART6sendNbEl                                 objdir/UART.o
_ZN4UART6sendNbElhb                               objdir/UART.o
_ZN4UART7getCharEv                                objdir/UART.o
_ZN4UART7receiveEv                                objdir/UART.o
                                                  objdir/main.o
_ZN4UART8retrieveEv                               objdir/UART.o
                                                  objdir/main.o
_ZN4UART8sendByteEc                               objdir/UART.o
_ZN4UARTC1Ev                                      objdir/UART.o
                                                  objdir/main.o
_ZN4UARTC2Ev                                      objdir/UART.o
_ZN4UARTD1Ev                                      objdir/UART.o
                                                  objdir/main.o
_ZN4UARTD2Ev                                      objdir/UART.o
_ZN7Program4Sym1E                                 objdir/Programs.o
_ZN7Program4Sym2E                                 objdir/Programs.o
_ZN7Program4showEv                                objdir/Programs.o
                                                  objdir/main.o
_ZN7Program4stopEv                                objdir/Programs.o
                                                  objdir/main.o
_ZN7Program5startEm                               objdir/Programs.o
                                                  objdir/main.o
_ZN7Program6updateEm                              objdir/Programs.o
                                                  objdir/main.o
_ZN7Program7LL_TlapE                              objdir/Programs.o
_ZN7Program8LL_TnextE                             objdir/Programs.o
_ZN7ProgramC1EP3LCD                               objdir/Programs.o
                                                  objdir/main.o
_ZN7ProgramC2EP3LCD                               objdir/Programs.o
_ZN7ProgramD1Ev                                   objdir/Programs.o
                                                  objdir/main.o
_ZN7ProgramD2Ev                                   objdir/Programs.o
__DATA_REGION_LENGTH__                            /usr/lib/gcc/avr/7.3.0/../../../avr/lib/avr5/crtatmega169pa.o
__DATA_REGION_ORIGIN__                            /usr/lib/gcc/avr/7.3.0/../../../avr/lib/avr5/crtatmega169pa.o
__EEPROM_REGION_LENGTH__                          /usr/lib/gcc/avr/7.3.0/../../../avr/lib/avr5/crtatmega169pa.o
__FUSE_REGION_LENGTH__                            /usr/lib/gcc/avr/7.3.0/../../../avr/lib/avr5/crtatmega169pa.o
__TEXT_REGION_LENGTH__                            /usr/lib/gcc/avr/7.3.0/../../../avr/lib/avr5/crtatmega169pa.o
__bad_interrupt                                   /usr/lib/gcc/avr/7.3.0/../../../avr/lib/avr5/crtatmega169pa.o
__bss_end                                         /usr/lib/gcc/avr/7.3.0/avr5/libgcc.a(_clear_bss.o)
__bss_start                                       /usr/lib/gcc/avr/7.3.0/avr5/libgcc.a(_clear_bss.o)
__ctors_end                                       /usr/lib/gcc/avr/7.3.0/avr5/libgcc.a(_ctors.o)
__ctors_start                                     /usr/lib/gcc/avr/7.3.0/avr5/libgcc.a(_ctors.o)
__data_end                                        /usr/lib/gcc/avr/7.3.0/avr5/libgcc.a(_copy_data.o)
__data_load_start                                 /usr/lib/gcc/avr/7.3.0/avr5/libgcc.a(_copy_data.o)
__data_start                                      /usr/lib/gcc/avr/7.3.0/avr5/libgcc.a(_copy_data.o)
__divmodsi4                                       /usr/lib/gcc/avr/7.3.0/avr5/libgcc.a(_divmodsi4.o)
                                                  objdir/LCD.o
__divsf3                                          /usr/lib/gcc/avr/7.3.0/../../../avr/lib/avr5/libm.a(divsf3.o)
                                                  objdir/main.o
__divsf3_pse                                      /usr/lib/gcc/avr/7.3.0/../../../avr/lib/avr5/libm.a(divsf3x.o)
__divsf3x                                         /usr/lib/gcc/avr/7.3.0/../../../avr/lib/avr5/libm.a(divsf3x.o)
                                                  /usr/lib/gcc/avr/7.3.0/../../../avr/lib/avr5/libm.a(divsf3.o)
__do_clear_bss                                    /usr/lib/gcc/avr/7.3.0/avr5/libgcc.a(_clear_bss.o)
                                                  objdir/main.o
__do_copy_data                                    /usr/lib/gcc/avr/7.3.0/avr5/libgcc.a(_copy_data.o)
                                                  objdir/Programs.o
                                                  objdir/LCD.o
                                                  objdir/main.o
__do_global_ctors                                 /usr/lib/gcc/avr/7.3.0/avr5/libgcc.a(_ctors.o)
                                                  objdir/main.o
__do_global_dtors                                 /usr/lib/gcc/avr/7.3.0/avr5/libgcc.a(_dtors.o)
                                                  objdir/main.o
__dtors_end                                       /usr/lib/gcc/avr/7.3.0/avr5/libgcc.a(_dtors.o)
__dtors_start                                     /usr/lib/gcc/avr/7.3.0/avr5/libgcc.a(_dtors.o)
__epilogue_restores__                             /usr/lib/gcc/avr/7.3.0/avr5/libgcc.a(_epilogue.o)
                                                  /usr/lib/gcc/avr/7.3.0/../../../avr/lib/avr5/libprintf_flt.a(vfprintf_flt.o)
__fixunssfsi                                      /usr/lib/gcc/avr/7.3.0/../../../avr/lib/avr5/libm.a(fixunssfsi.o)
                                                  objdir/main.o
__floatsisf                                       /usr/lib/gcc/avr/7.3.0/../../../avr/lib/avr5/libm.a(floatsisf.o)
__floatunsisf                                     /usr/lib/gcc/avr/7.3.0/../../../avr/lib/avr5/libm.a(floatsisf.o)
                                                  objdir/main.o
__fp_inf                                          /usr/lib/gcc/avr/7.3.0/../../../avr/lib/avr5/libm.a(fp_inf.o)
                                                  /usr/lib/gcc/avr/7.3.0/../../../avr/lib/avr5/libm.a(divsf3x.o)
__fp_nan                                          /usr/lib/gcc/avr/7.3.0/../../../avr/lib/avr5/libm.a(fp_nan.o)
                                                  /usr/lib/gcc/avr/7.3.0/../../../avr/lib/avr5/libm.a(divsf3x.o)
__fp_pscA                                         /usr/lib/gcc/avr/7.3.0/../../../avr/lib/avr5/libm.a(fp_pscA.o)
                                                  /usr/lib/gcc/avr/7.3.0/../../../avr/lib/avr5/libm.a(divsf3x.o)
__fp_pscB                                         /usr/lib/gcc/avr/7.3.0/../../../avr/lib/avr5/libm.a(fp_pscB.o)
                                                  /usr/lib/gcc/avr/7.3.0/../../../avr/lib/avr5/libm.a(divsf3x.o)
__fp_round                                        /usr/lib/gcc/avr/7.3.0/../../../avr/lib/avr5/libm.a(fp_round.o)
                                                  /usr/lib/gcc/avr/7.3.0/../../../avr/lib/avr5/libm.a(divsf3.o)
__fp_split3                                       /usr/lib/gcc/avr/7.3.0/../../../avr/lib/avr5/libm.a(fp_split3.o)
                                                  /usr/lib/gcc/avr/7.3.0/../../../avr/lib/avr5/libm.a(divsf3x.o)
__fp_splitA                                       /usr/lib/gcc/avr/7.3.0/../../../avr/lib/avr5/libm.a(fp_split3.o)
                                                  /usr/lib/gcc/avr/7.3.0/../../../avr/lib/avr5/libm.a(fixunssfsi.o)
__fp_szero                                        /usr/lib/gcc/avr/7.3.0/../../../avr/lib/avr5/libm.a(fp_zero.o)
                                                  /usr/lib/gcc/avr/7.3.0/../../../avr/lib/avr5/libm.a(divsf3x.o)
__fp_zero                                         /usr/lib/gcc/avr/7.3.0/../../../avr/lib/avr5/libm.a(fp_zero.o)
                                                  /usr/lib/gcc/avr/7.3.0/../../../avr/lib/avr5/libm.a(fixunssfsi.o)
__ftoa_engine                                     /usr/lib/gcc/avr/7.3.0/../../../avr/lib/avr5/libc.a(ftoa_engine.o)
                                                  /usr/lib/gcc/avr/7.3.0/../../../avr/lib/avr5/libprintf_flt.a(vfprintf_flt.o)
__heap_end                                        /usr/lib/gcc/avr/7.3.0/../../../avr/lib/avr5/crtatmega169pa.o
__init                                            /usr/lib/gcc/avr/7.3.0/../../../avr/lib/avr5/crtatmega169pa.o
__ltoa                                            /usr/lib/gcc/avr/7.3.0/../../../avr/lib/avr5/libc.a(ltoa.o)
                                                  objdir/UART.o
__ltoa_ncheck                                     /usr/lib/gcc/avr/7.3.0/../../../avr/lib/avr5/libc.a(ltoa_ncheck.o)
                                                  /usr/lib/gcc/avr/7.3.0/../../../avr/lib/avr5/libc.a(ltoa.o)
                                                  objdir/UART.o
__negsi2                                          /usr/lib/gcc/avr/7.3.0/avr5/libgcc.a(_negsi2.o)
                                                  /usr/lib/gcc/avr/7.3.0/avr5/libgcc.a(_divmodsi4.o)
__prologue_saves__                                /usr/lib/gcc/avr/7.3.0/avr5/libgcc.a(_prologue.o)
                                                  /usr/lib/gcc/avr/7.3.0/../../../avr/lib/avr5/libprintf_flt.a(vfprintf_flt.o)
__stack                                           /usr/lib/gcc/avr/7.3.0/../../../avr/lib/avr5/crtatmega169pa.o
__tablejump2__                                    /usr/lib/gcc/avr/7.3.0/avr5/libgcc.a(_tablejump2.o)
                                                  /usr/lib/gcc/avr/7.3.0/avr5/libgcc.a(_dtors.o)
                                                  /usr/lib/gcc/avr/7.3.0/avr5/libgcc.a(_ctors.o)
                                                  objdir/LCD.o
__udivmodqi4                                      /usr/lib/gcc/avr/7.3.0/avr5/libgcc.a(_udivmodqi4.o)
                                                  objdir/main.o
__udivmodsi4                                      /usr/lib/gcc/avr/7.3.0/avr5/libgcc.a(_udivmodsi4.o)
                                                  /usr/lib/gcc/avr/7.3.0/avr5/libgcc.a(_divmodsi4.o)
                                                  objdir/main.o
__ultoa_common                                    /usr/lib/gcc/avr/7.3.0/../../../avr/lib/avr5/libc.a(ultoa_ncheck.o)
                                                  /usr/lib/gcc/avr/7.3.0/../../../avr/lib/avr5/libc.a(ltoa_ncheck.o)
__ultoa_invert                                    /usr/lib/gcc/avr/7.3.0/../../../avr/lib/avr5/libc.a(ultoa_invert.o)
                                                  /usr/lib/gcc/avr/7.3.0/../../../avr/lib/avr5/libprintf_flt.a(vfprintf_flt.o)
__ultoa_ncheck                                    /usr/lib/gcc/avr/7.3.0/../../../avr/lib/avr5/libc.a(ultoa_ncheck.o)
__vector_1                                        /usr/lib/gcc/avr/7.3.0/../../../avr/lib/avr5/crtatmega169pa.o
__vector_10                                       /usr/lib/gcc/avr/7.3.0/../../../avr/lib/avr5/crtatmega169pa.o
__vector_11                                       /usr/lib/gcc/avr/7.3.0/../../../avr/lib/avr5/crtatmega169pa.o
__vector_12                                       /usr/lib/gcc/avr/7.3.0/../../../avr/lib/avr5/crtatmega169pa.o
__vector_13                                       objdir/main.o
                                                  /usr/lib/gcc/avr/7.3.0/../../../avr/lib/avr5/crtatmega169pa.o
__vector_14                                       /usr/lib/gcc/avr/7.3.0/../../../avr/lib/avr5/crtatmega169pa.o
__vector_15                                       /usr/lib/gcc/avr/7.3.0/../../../avr/lib/avr5/crtatmega169pa.o
__vector_16                                       /usr/lib/gcc/avr/7.3.0/../../../avr/lib/avr5/crtatmega169pa.o
__vector_17                                       /usr/lib/gcc/avr/7.3.0/../../../avr/lib/avr5/crtatmega169pa.o
__vector_18                                       /usr/lib/gcc/avr/7.3.0/../../../avr/lib/avr5/crtatmega169pa.o
__vector_19                                       objdir/main.o
                                                  /usr/lib/gcc/avr/7.3.0/../../../avr/lib/avr5/crtatmega169pa.o
__vector_2                                        /usr/lib/gcc/avr/7.3.0/../../../avr/lib/avr5/crtatmega169pa.o
__vector_20                                       /usr/lib/gcc/avr/7.3.0/../../../avr/lib/avr5/crtatmega169pa.o
__vector_21                                       /usr/lib/gcc/avr/7.3.0/../../../avr/lib/avr5/crtatmega169pa.o
__vector_22                                       /usr/lib/gcc/avr/7.3.0/../../../avr/lib/avr5/crtatmega169pa.o
__vector_3                                        /usr/lib/gcc/avr/7.3.0/../../../avr/lib/avr5/crtatmega169pa.o
__vector_4                                        /usr/lib/gcc/avr/7.3.0/../../../avr/lib/avr5/crtatmega169pa.o
__vector_5                                        /usr/lib/gcc/avr/7.3.0/../../../avr/lib/avr5/crtatmega169pa.o
__vector_6                                        /usr/lib/gcc/avr/7.3.0/../../../avr/lib/avr5/crtatmega169pa.o
__vector_7                                        objdir/main.o
                                                  /usr/lib/gcc/avr/7.3.0/../../../avr/lib/avr5/crtatmega169pa.o
__vector_8                                        /usr/lib/gcc/avr/7.3.0/../../../avr/lib/avr5/crtatmega169pa.o
__vector_9                                        /usr/lib/gcc/avr/7.3.0/../../../avr/lib/avr5/crtatmega169pa.o
__vector_default                                  /usr/lib/gcc/avr/7.3.0/../../../avr/lib/avr5/crtatmega169pa.o
__vectors                                         /usr/lib/gcc/avr/7.3.0/../../../avr/lib/avr5/crtatmega169pa.o
_exit                                             /usr/lib/gcc/avr/7.3.0/avr5/libgcc.a(_exit.o)
btn0_pressDuration                                objdir/main.o
btn0_state                                        objdir/main.o
btn1_state                                        objdir/main.o
exit                                              /usr/lib/gcc/avr/7.3.0/avr5/libgcc.a(_exit.o)
                                                  /usr/lib/gcc/avr/7.3.0/../../../avr/lib/avr5/crtatmega169pa.o
flags_state                                       objdir/main.o
fputc                                             /usr/lib/gcc/avr/7.3.0/../../../avr/lib/avr5/libc.a(fputc.o)
                                                  /usr/lib/gcc/avr/7.3.0/../../../avr/lib/avr5/libprintf_flt.a(vfprintf_flt.o)
loop_cnt                                          objdir/main.o
ltoa                                              /usr/lib/gcc/avr/7.3.0/../../../avr/lib/avr5/libc.a(ltoa.o)
main                                              objdir/main.o
                                                  /usr/lib/gcc/avr/7.3.0/../../../avr/lib/avr5/crtatmega169pa.o
myLCD                                             objdir/main.o
myProgram                                         objdir/main.o
strnlen                                           /usr/lib/gcc/avr/7.3.0/../../../avr/lib/avr5/libc.a(strnlen.o)
                                                  /usr/lib/gcc/avr/7.3.0/../../../avr/lib/avr5/libprintf_flt.a(vfprintf_flt.o)
strnlen_P                                         /usr/lib/gcc/avr/7.3.0/../../../avr/lib/avr5/libc.a(strnlen_P.o)
                                                  /usr/lib/gcc/avr/7.3.0/../../../avr/lib/avr5/libprintf_flt.a(vfprintf_flt.o)
strrev                                            /usr/lib/gcc/avr/7.3.0/../../../avr/lib/avr5/libc.a(strrev.o)
                                                  /usr/lib/gcc/avr/7.3.0/../../../avr/lib/avr5/libc.a(ultoa_ncheck.o)
total_time_ts                                     objdir/main.o
uart                                              objdir/main.o
vfprintf                                          /usr/lib/gcc/avr/7.3.0/../../../avr/lib/avr5/libprintf_flt.a(vfprintf_flt.o)
