Archive member included to satisfy reference by file (symbol)

/usr/lib/gcc/avr/5.4.0/../../../avr/lib/avr5/libprintf_flt.a(vfprintf_flt.o)
                              (vfprintf)
/usr/lib/gcc/avr/5.4.0/../../../avr/lib/avr5/libm.a(divsf3.o)
                              objdir/main.o (__divsf3)
/usr/lib/gcc/avr/5.4.0/../../../avr/lib/avr5/libm.a(divsf3x.o)
                              /usr/lib/gcc/avr/5.4.0/../../../avr/lib/avr5/libm.a(divsf3.o) (__divsf3x)
/usr/lib/gcc/avr/5.4.0/../../../avr/lib/avr5/libm.a(fixunssfsi.o)
                              objdir/main.o (__fixunssfsi)
/usr/lib/gcc/avr/5.4.0/../../../avr/lib/avr5/libm.a(floatsisf.o)
                              objdir/main.o (__floatunsisf)
/usr/lib/gcc/avr/5.4.0/../../../avr/lib/avr5/libm.a(fp_inf.o)
                              /usr/lib/gcc/avr/5.4.0/../../../avr/lib/avr5/libm.a(divsf3x.o) (__fp_inf)
/usr/lib/gcc/avr/5.4.0/../../../avr/lib/avr5/libm.a(fp_nan.o)
                              /usr/lib/gcc/avr/5.4.0/../../../avr/lib/avr5/libm.a(divsf3x.o) (__fp_nan)
/usr/lib/gcc/avr/5.4.0/../../../avr/lib/avr5/libm.a(fp_pscA.o)
                              /usr/lib/gcc/avr/5.4.0/../../../avr/lib/avr5/libm.a(divsf3x.o) (__fp_pscA)
/usr/lib/gcc/avr/5.4.0/../../../avr/lib/avr5/libm.a(fp_pscB.o)
                              /usr/lib/gcc/avr/5.4.0/../../../avr/lib/avr5/libm.a(divsf3x.o) (__fp_pscB)
/usr/lib/gcc/avr/5.4.0/../../../avr/lib/avr5/libm.a(fp_round.o)
                              /usr/lib/gcc/avr/5.4.0/../../../avr/lib/avr5/libm.a(divsf3.o) (__fp_round)
/usr/lib/gcc/avr/5.4.0/../../../avr/lib/avr5/libm.a(fp_split3.o)
                              /usr/lib/gcc/avr/5.4.0/../../../avr/lib/avr5/libm.a(divsf3x.o) (__fp_split3)
/usr/lib/gcc/avr/5.4.0/../../../avr/lib/avr5/libm.a(fp_zero.o)
                              /usr/lib/gcc/avr/5.4.0/../../../avr/lib/avr5/libm.a(fixunssfsi.o) (__fp_zero)
/usr/lib/gcc/avr/5.4.0/avr5/libgcc.a(_mulsi3.o)
                              objdir/scale.o (__mulsi3)
/usr/lib/gcc/avr/5.4.0/avr5/libgcc.a(_divmodsi4.o)
                              objdir/main.o (__divmodsi4)
/usr/lib/gcc/avr/5.4.0/avr5/libgcc.a(_negsi2.o)
                              /usr/lib/gcc/avr/5.4.0/avr5/libgcc.a(_divmodsi4.o) (__negsi2)
/usr/lib/gcc/avr/5.4.0/avr5/libgcc.a(_exit.o)
                              /usr/lib/gcc/avr/5.4.0/../../../avr/lib/avr5/crtatmega169.o (exit)
/usr/lib/gcc/avr/5.4.0/avr5/libgcc.a(_tablejump2.o)
                              objdir/LCD.o (__tablejump2__)
/usr/lib/gcc/avr/5.4.0/avr5/libgcc.a(_copy_data.o)
                              objdir/main.o (__do_copy_data)
/usr/lib/gcc/avr/5.4.0/avr5/libgcc.a(_clear_bss.o)
                              objdir/main.o (__do_clear_bss)
/usr/lib/gcc/avr/5.4.0/avr5/libgcc.a(_ctors.o)
                              objdir/main.o (__do_global_ctors)
/usr/lib/gcc/avr/5.4.0/avr5/libgcc.a(_dtors.o)
                              objdir/main.o (__do_global_dtors)
/usr/lib/gcc/avr/5.4.0/avr5/libgcc.a(_muluhisi3.o)
                              /usr/lib/gcc/avr/5.4.0/avr5/libgcc.a(_mulsi3.o) (__muluhisi3)
/usr/lib/gcc/avr/5.4.0/avr5/libgcc.a(_prologue.o)
                              /usr/lib/gcc/avr/5.4.0/../../../avr/lib/avr5/libprintf_flt.a(vfprintf_flt.o) (__prologue_saves__)
/usr/lib/gcc/avr/5.4.0/avr5/libgcc.a(_epilogue.o)
                              /usr/lib/gcc/avr/5.4.0/../../../avr/lib/avr5/libprintf_flt.a(vfprintf_flt.o) (__epilogue_restores__)
/usr/lib/gcc/avr/5.4.0/avr5/libgcc.a(_udivmodsi4.o)
                              /usr/lib/gcc/avr/5.4.0/avr5/libgcc.a(_divmodsi4.o) (__udivmodsi4)
/usr/lib/gcc/avr/5.4.0/avr5/libgcc.a(_umulhisi3.o)
                              /usr/lib/gcc/avr/5.4.0/avr5/libgcc.a(_muluhisi3.o) (__umulhisi3)
/usr/lib/gcc/avr/5.4.0/../../../avr/lib/avr5/libc.a(strtol.o)
                              objdir/main.o (strtol)
/usr/lib/gcc/avr/5.4.0/../../../avr/lib/avr5/libc.a(ftoa_engine.o)
                              /usr/lib/gcc/avr/5.4.0/../../../avr/lib/avr5/libprintf_flt.a(vfprintf_flt.o) (__ftoa_engine)
/usr/lib/gcc/avr/5.4.0/../../../avr/lib/avr5/libc.a(isspace.o)
                              /usr/lib/gcc/avr/5.4.0/../../../avr/lib/avr5/libc.a(strtol.o) (isspace)
/usr/lib/gcc/avr/5.4.0/../../../avr/lib/avr5/libc.a(strnlen_P.o)
                              /usr/lib/gcc/avr/5.4.0/../../../avr/lib/avr5/libprintf_flt.a(vfprintf_flt.o) (strnlen_P)
/usr/lib/gcc/avr/5.4.0/../../../avr/lib/avr5/libc.a(strnlen.o)
                              /usr/lib/gcc/avr/5.4.0/../../../avr/lib/avr5/libprintf_flt.a(vfprintf_flt.o) (strnlen)
/usr/lib/gcc/avr/5.4.0/../../../avr/lib/avr5/libc.a(ltoa.o)
                              objdir/UART.o (__ltoa)
/usr/lib/gcc/avr/5.4.0/../../../avr/lib/avr5/libc.a(ltoa_ncheck.o)
                              objdir/UART.o (__ltoa_ncheck)
/usr/lib/gcc/avr/5.4.0/../../../avr/lib/avr5/libc.a(ultoa_ncheck.o)
                              /usr/lib/gcc/avr/5.4.0/../../../avr/lib/avr5/libc.a(ltoa_ncheck.o) (__ultoa_common)
/usr/lib/gcc/avr/5.4.0/../../../avr/lib/avr5/libc.a(fputc.o)
                              /usr/lib/gcc/avr/5.4.0/../../../avr/lib/avr5/libprintf_flt.a(vfprintf_flt.o) (fputc)
/usr/lib/gcc/avr/5.4.0/../../../avr/lib/avr5/libc.a(ultoa_invert.o)
                              /usr/lib/gcc/avr/5.4.0/../../../avr/lib/avr5/libprintf_flt.a(vfprintf_flt.o) (__ultoa_invert)
/usr/lib/gcc/avr/5.4.0/../../../avr/lib/avr5/libc.a(errno.o)
                              /usr/lib/gcc/avr/5.4.0/../../../avr/lib/avr5/libc.a(strtol.o) (errno)
/usr/lib/gcc/avr/5.4.0/../../../avr/lib/avr5/libc.a(cty_isfalse.o)
                              /usr/lib/gcc/avr/5.4.0/../../../avr/lib/avr5/libc.a(isspace.o) (__ctype_isfalse)
/usr/lib/gcc/avr/5.4.0/../../../avr/lib/avr5/libc.a(strrev.o)
                              /usr/lib/gcc/avr/5.4.0/../../../avr/lib/avr5/libc.a(ultoa_ncheck.o) (strrev)

Allocating common symbols
Common symbol       size              file

errno               0x2               /usr/lib/gcc/avr/5.4.0/../../../avr/lib/avr5/libc.a(errno.o)

Memory Configuration

Name             Origin             Length             Attributes
text             0x0000000000000000 0x0000000000004000 xr
data             0x0000000000800100 0x0000000000000400 rw !x
eeprom           0x0000000000810000 0x0000000000000200 rw !x
fuse             0x0000000000820000 0x0000000000000003 rw !x
lock             0x0000000000830000 0x0000000000000400 rw !x
signature        0x0000000000840000 0x0000000000000400 rw !x
user_signatures  0x0000000000850000 0x0000000000000400 rw !x
*default*        0x0000000000000000 0xffffffffffffffff

Linker script and memory map

Address of section .data set to 0x800100
LOAD /usr/lib/gcc/avr/5.4.0/../../../avr/lib/avr5/crtatmega169.o
LOAD objdir/main.o
LOAD objdir/LCD.o
LOAD objdir/state_machine.o
LOAD objdir/scale.o
LOAD objdir/ADC.o
LOAD objdir/UART.o
LOAD /usr/lib/gcc/avr/5.4.0/../../../avr/lib/avr5/libprintf_flt.a
LOAD /usr/lib/gcc/avr/5.4.0/../../../avr/lib/avr5/libm.a
START GROUP
LOAD /usr/lib/gcc/avr/5.4.0/avr5/libgcc.a
LOAD /usr/lib/gcc/avr/5.4.0/../../../avr/lib/avr5/libm.a
LOAD /usr/lib/gcc/avr/5.4.0/../../../avr/lib/avr5/libc.a
LOAD /usr/lib/gcc/avr/5.4.0/../../../avr/lib/avr5/libatmega169.a
END GROUP
                0x0000000000000000                __TEXT_REGION_ORIGIN__ = DEFINED (__TEXT_REGION_ORIGIN__)?__TEXT_REGION_ORIGIN__:0x0
                [0x0000000000800100]                __DATA_REGION_ORIGIN__ = DEFINED (__DATA_REGION_ORIGIN__)?__DATA_REGION_ORIGIN__:0x800060
                [0x0000000000004000]                __TEXT_REGION_LENGTH__ = DEFINED (__TEXT_REGION_LENGTH__)?__TEXT_REGION_LENGTH__:0x20000
                [0x0000000000000400]                __DATA_REGION_LENGTH__ = DEFINED (__DATA_REGION_LENGTH__)?__DATA_REGION_LENGTH__:0xffa0
                [0x0000000000000200]                __EEPROM_REGION_LENGTH__ = DEFINED (__EEPROM_REGION_LENGTH__)?__EEPROM_REGION_LENGTH__:0x10000
                [0x0000000000000003]                __FUSE_REGION_LENGTH__ = DEFINED (__FUSE_REGION_LENGTH__)?__FUSE_REGION_LENGTH__:0x400
                0x0000000000000400                __LOCK_REGION_LENGTH__ = DEFINED (__LOCK_REGION_LENGTH__)?__LOCK_REGION_LENGTH__:0x400
                0x0000000000000400                __SIGNATURE_REGION_LENGTH__ = DEFINED (__SIGNATURE_REGION_LENGTH__)?__SIGNATURE_REGION_LENGTH__:0x400
                0x0000000000000400                __USER_SIGNATURE_REGION_LENGTH__ = DEFINED (__USER_SIGNATURE_REGION_LENGTH__)?__USER_SIGNATURE_REGION_LENGTH__:0x400

.hash
 *(.hash)

.dynsym
 *(.dynsym)

.dynstr
 *(.dynstr)

.gnu.version
 *(.gnu.version)

.gnu.version_d
 *(.gnu.version_d)

.gnu.version_r
 *(.gnu.version_r)

.rel.init
 *(.rel.init)

.rela.init
 *(.rela.init)

.rel.text
 *(.rel.text)
 *(.rel.text.*)
 *(.rel.gnu.linkonce.t*)

.rela.text
 *(.rela.text)
 *(.rela.text.*)
 *(.rela.gnu.linkonce.t*)

.rel.fini
 *(.rel.fini)

.rela.fini
 *(.rela.fini)

.rel.rodata
 *(.rel.rodata)
 *(.rel.rodata.*)
 *(.rel.gnu.linkonce.r*)

.rela.rodata
 *(.rela.rodata)
 *(.rela.rodata.*)
 *(.rela.gnu.linkonce.r*)

.rel.data
 *(.rel.data)
 *(.rel.data.*)
 *(.rel.gnu.linkonce.d*)

.rela.data
 *(.rela.data)
 *(.rela.data.*)
 *(.rela.gnu.linkonce.d*)

.rel.ctors
 *(.rel.ctors)

.rela.ctors
 *(.rela.ctors)

.rel.dtors
 *(.rel.dtors)

.rela.dtors
 *(.rela.dtors)

.rel.got
 *(.rel.got)

.rela.got
 *(.rela.got)

.rel.bss
 *(.rel.bss)

.rela.bss
 *(.rela.bss)

.rel.plt
 *(.rel.plt)

.rela.plt
 *(.rela.plt)

.text           0x0000000000000000     0x2048
 *(.vectors)
 .vectors       0x0000000000000000       0x5c /usr/lib/gcc/avr/5.4.0/../../../avr/lib/avr5/crtatmega169.o
                0x0000000000000000                __vectors
                0x0000000000000000                __vector_default
 *(.vectors)
 *(.progmem.gcc*)
 .progmem.gcc_sw_table
                0x000000000000005c       0x10 objdir/LCD.o
                0x000000000000006c                . = ALIGN (0x2)
                0x000000000000006c                __trampolines_start = .
 *(.trampolines)
 .trampolines   0x000000000000006c        0x0 linker stubs
 *(.trampolines*)
                0x000000000000006c                __trampolines_end = .
 *libprintf_flt.a:*(.progmem.data)
 .progmem.data  0x000000000000006c        0x8 /usr/lib/gcc/avr/5.4.0/../../../avr/lib/avr5/libprintf_flt.a(vfprintf_flt.o)
 *libc.a:*(.progmem.data)
 .progmem.data  0x0000000000000074       0xfa /usr/lib/gcc/avr/5.4.0/../../../avr/lib/avr5/libc.a(ftoa_engine.o)
 *(.progmem*)
                0x000000000000016e                . = ALIGN (0x2)
 *(.jumptables)
 *(.jumptables*)
 *(.lowtext)
 *(.lowtext*)
                0x000000000000016e                __ctors_start = .
 *(.ctors)
 .ctors         0x000000000000016e        0x2 objdir/main.o
                0x0000000000000170                __ctors_end = .
                0x0000000000000170                __dtors_start = .
 *(.dtors)
 .dtors         0x0000000000000170        0x2 objdir/main.o
                0x0000000000000172                __dtors_end = .
 SORT(*)(.ctors)
 SORT(*)(.dtors)
 *(.init0)
 .init0         0x0000000000000172        0x0 /usr/lib/gcc/avr/5.4.0/../../../avr/lib/avr5/crtatmega169.o
                0x0000000000000172                __init
 *(.init0)
 *(.init1)
 *(.init1)
 *(.init2)
 .init2         0x0000000000000172        0xc /usr/lib/gcc/avr/5.4.0/../../../avr/lib/avr5/crtatmega169.o
 *(.init2)
 *(.init3)
 *(.init3)
 *(.init4)
 .init4         0x000000000000017e       0x16 /usr/lib/gcc/avr/5.4.0/avr5/libgcc.a(_copy_data.o)
                0x000000000000017e                __do_copy_data
 .init4         0x0000000000000194       0x10 /usr/lib/gcc/avr/5.4.0/avr5/libgcc.a(_clear_bss.o)
                0x0000000000000194                __do_clear_bss
 *(.init4)
 *(.init5)
 *(.init5)
 *(.init6)
 .init6         0x00000000000001a4       0x16 /usr/lib/gcc/avr/5.4.0/avr5/libgcc.a(_ctors.o)
                0x00000000000001a4                __do_global_ctors
 *(.init6)
 *(.init7)
 *(.init7)
 *(.init8)
 *(.init8)
 *(.init9)
 .init9         0x00000000000001ba        0x8 /usr/lib/gcc/avr/5.4.0/../../../avr/lib/avr5/crtatmega169.o
 *(.init9)
 *(.text)
 .text          0x00000000000001c2        0x4 /usr/lib/gcc/avr/5.4.0/../../../avr/lib/avr5/crtatmega169.o
                0x00000000000001c2                __vector_22
                0x00000000000001c2                __vector_1
                0x00000000000001c2                __vector_12
                0x00000000000001c2                __bad_interrupt
                0x00000000000001c2                __vector_6
                0x00000000000001c2                __vector_3
                0x00000000000001c2                __vector_11
                0x00000000000001c2                __vector_17
                0x00000000000001c2                __vector_7
                0x00000000000001c2                __vector_5
                0x00000000000001c2                __vector_4
                0x00000000000001c2                __vector_9
                0x00000000000001c2                __vector_2
                0x00000000000001c2                __vector_21
                0x00000000000001c2                __vector_15
                0x00000000000001c2                __vector_8
                0x00000000000001c2                __vector_14
                0x00000000000001c2                __vector_10
                0x00000000000001c2                __vector_16
                0x00000000000001c2                __vector_18
                0x00000000000001c2                __vector_20
 .text          0x00000000000001c6      0x126 objdir/main.o
                0x00000000000001c6                __vector_19
                0x00000000000002a0                __vector_13
 .text          0x00000000000002ec      0x3b6 objdir/LCD.o
                0x00000000000002ec                _ZN3LCDC1Eb
                0x00000000000002ec                _ZN3LCDC2Eb
                0x0000000000000336                _ZN3LCDD1Ev
                0x0000000000000336                _ZN3LCDD2Ev
                0x000000000000035a                _ZN3LCD8setDigitEhh
                0x00000000000003fa                _ZN3LCD8setDigitEhNS_6SymbolE
                0x0000000000000490                _ZN3LCD10setBatteryENS_7BatteryE
                0x0000000000000544                _ZN3LCD5setDPEb
                0x000000000000055c                _ZN3LCD6setClkEb
                0x0000000000000574                _ZN3LCD5getDPEv
                0x000000000000057e                _ZN3LCD6getClkEv
                0x0000000000000586                _ZN3LCD5setNbElh
                0x000000000000066c                _ZN3LCD5setNbEl
                0x0000000000000672                _ZN3LCD5clearEb
                0x000000000000069c                _ZN3LCD5clearEv
 .text          0x00000000000006a2      0x25a objdir/state_machine.o
                0x00000000000006a2                _ZN2SMC1EP4UARTP5ScaleP3LCD
                0x00000000000006a2                _ZN2SMC2EP4UARTP5ScaleP3LCD
                0x00000000000006c4                _ZN2SMD2Ev
                0x00000000000006c4                _ZN2SMD1Ev
                0x00000000000006c6                _ZN2SM6streamEbb
                0x00000000000006d0                _ZN2SM9nextStateEv
                0x0000000000000800                _ZN2SM6updateEv
 .text          0x00000000000008fc      0x16a objdir/scale.o
                0x00000000000008fc                _ZN5ScaleC1EP4UART
                0x00000000000008fc                _ZN5ScaleC2EP4UART
                0x000000000000095a                _ZN5ScaleD1Ev
                0x000000000000095a                _ZN5ScaleD2Ev
                0x0000000000000960                _ZN5Scale4tareEv
                0x00000000000009b6                _ZN5Scale9getWeightEv
                0x0000000000000a14                _ZN5Scale10showWeightEb
 .text          0x0000000000000a66      0x10c objdir/ADC.o
                0x0000000000000a66                _ZN7MCP3462D1Ev
                0x0000000000000a66                _ZN7MCP3462D2Ev
                0x0000000000000a68                _ZN7MCP346211isDataReadyEv
                0x0000000000000a6c                _ZN7MCP346213getGainedDataEv
                0x0000000000000a74                _ZN7MCP34628transmitEh
                0x0000000000000a80                _ZN7MCP3462C2Ev
                0x0000000000000a80                _ZN7MCP3462C1Ev
                0x0000000000000aec                _ZN7MCP346210readADCregEv
                0x0000000000000b6e                _ZN7MCP346213getDirectDataEv
 .text          0x0000000000000b72      0x1b6 objdir/UART.o
                0x0000000000000b72                _ZN4UARTC2Ev
                0x0000000000000b72                _ZN4UARTC1Ev
                0x0000000000000ba0                _ZN4UARTD1Ev
                0x0000000000000ba0                _ZN4UARTD2Ev
                0x0000000000000ba2                _ZN4UART8sendByteEc
                0x0000000000000bb0                _ZN4UART10sendStringEPc
                0x0000000000000bd4                _ZN4UART10sendStringEPcb
                0x0000000000000c1c                _ZN4UART6sendNbElhb
                0x0000000000000c6e                _ZN4UART6sendNbEl
                0x0000000000000cca                _ZN4UART7getCharEv
                0x0000000000000cdc                _ZN4UART7receiveEv
                0x0000000000000d04                _ZN4UART8retrieveEv
                0x0000000000000d16                _ZN4UART15isDataAvailableEv
 .text          0x0000000000000d28        0x0 /usr/lib/gcc/avr/5.4.0/../../../avr/lib/avr5/libprintf_flt.a(vfprintf_flt.o)
 .text          0x0000000000000d28        0x0 /usr/lib/gcc/avr/5.4.0/../../../avr/lib/avr5/libm.a(divsf3.o)
 .text          0x0000000000000d28        0x0 /usr/lib/gcc/avr/5.4.0/../../../avr/lib/avr5/libm.a(divsf3x.o)
 .text          0x0000000000000d28        0x0 /usr/lib/gcc/avr/5.4.0/../../../avr/lib/avr5/libm.a(fixunssfsi.o)
 .text          0x0000000000000d28        0x0 /usr/lib/gcc/avr/5.4.0/../../../avr/lib/avr5/libm.a(floatsisf.o)
 .text          0x0000000000000d28        0x0 /usr/lib/gcc/avr/5.4.0/../../../avr/lib/avr5/libm.a(fp_inf.o)
 .text          0x0000000000000d28        0x0 /usr/lib/gcc/avr/5.4.0/../../../avr/lib/avr5/libm.a(fp_nan.o)
 .text          0x0000000000000d28        0x0 /usr/lib/gcc/avr/5.4.0/../../../avr/lib/avr5/libm.a(fp_pscA.o)
 .text          0x0000000000000d28        0x0 /usr/lib/gcc/avr/5.4.0/../../../avr/lib/avr5/libm.a(fp_pscB.o)
 .text          0x0000000000000d28        0x0 /usr/lib/gcc/avr/5.4.0/../../../avr/lib/avr5/libm.a(fp_round.o)
 .text          0x0000000000000d28        0x0 /usr/lib/gcc/avr/5.4.0/../../../avr/lib/avr5/libm.a(fp_split3.o)
 .text          0x0000000000000d28        0x0 /usr/lib/gcc/avr/5.4.0/../../../avr/lib/avr5/libm.a(fp_zero.o)
 .text          0x0000000000000d28        0x0 /usr/lib/gcc/avr/5.4.0/avr5/libgcc.a(_mulsi3.o)
 .text          0x0000000000000d28        0x0 /usr/lib/gcc/avr/5.4.0/avr5/libgcc.a(_divmodsi4.o)
 .text          0x0000000000000d28        0x0 /usr/lib/gcc/avr/5.4.0/avr5/libgcc.a(_negsi2.o)
 .text          0x0000000000000d28        0x0 /usr/lib/gcc/avr/5.4.0/avr5/libgcc.a(_exit.o)
 .text          0x0000000000000d28        0x0 /usr/lib/gcc/avr/5.4.0/avr5/libgcc.a(_tablejump2.o)
 .text          0x0000000000000d28        0x0 /usr/lib/gcc/avr/5.4.0/avr5/libgcc.a(_copy_data.o)
 .text          0x0000000000000d28        0x0 /usr/lib/gcc/avr/5.4.0/avr5/libgcc.a(_clear_bss.o)
 .text          0x0000000000000d28        0x0 /usr/lib/gcc/avr/5.4.0/avr5/libgcc.a(_ctors.o)
 .text          0x0000000000000d28        0x0 /usr/lib/gcc/avr/5.4.0/avr5/libgcc.a(_dtors.o)
 .text          0x0000000000000d28        0x0 /usr/lib/gcc/avr/5.4.0/avr5/libgcc.a(_muluhisi3.o)
 .text          0x0000000000000d28        0x0 /usr/lib/gcc/avr/5.4.0/avr5/libgcc.a(_prologue.o)
 .text          0x0000000000000d28        0x0 /usr/lib/gcc/avr/5.4.0/avr5/libgcc.a(_epilogue.o)
 .text          0x0000000000000d28        0x0 /usr/lib/gcc/avr/5.4.0/avr5/libgcc.a(_udivmodsi4.o)
 .text          0x0000000000000d28        0x0 /usr/lib/gcc/avr/5.4.0/avr5/libgcc.a(_umulhisi3.o)
 .text          0x0000000000000d28        0x0 /usr/lib/gcc/avr/5.4.0/../../../avr/lib/avr5/libc.a(strtol.o)
 .text          0x0000000000000d28        0x0 /usr/lib/gcc/avr/5.4.0/../../../avr/lib/avr5/libc.a(ftoa_engine.o)
 .text          0x0000000000000d28        0x0 /usr/lib/gcc/avr/5.4.0/../../../avr/lib/avr5/libc.a(isspace.o)
 .text          0x0000000000000d28        0x0 /usr/lib/gcc/avr/5.4.0/../../../avr/lib/avr5/libc.a(strnlen_P.o)
 .text          0x0000000000000d28        0x0 /usr/lib/gcc/avr/5.4.0/../../../avr/lib/avr5/libc.a(strnlen.o)
 .text          0x0000000000000d28        0x0 /usr/lib/gcc/avr/5.4.0/../../../avr/lib/avr5/libc.a(ltoa.o)
 .text          0x0000000000000d28        0x0 /usr/lib/gcc/avr/5.4.0/../../../avr/lib/avr5/libc.a(ltoa_ncheck.o)
 .text          0x0000000000000d28        0x0 /usr/lib/gcc/avr/5.4.0/../../../avr/lib/avr5/libc.a(ultoa_ncheck.o)
 .text          0x0000000000000d28        0x0 /usr/lib/gcc/avr/5.4.0/../../../avr/lib/avr5/libc.a(fputc.o)
 .text          0x0000000000000d28        0x0 /usr/lib/gcc/avr/5.4.0/../../../avr/lib/avr5/libc.a(ultoa_invert.o)
 .text          0x0000000000000d28        0x0 /usr/lib/gcc/avr/5.4.0/../../../avr/lib/avr5/libc.a(errno.o)
 .text          0x0000000000000d28        0x0 /usr/lib/gcc/avr/5.4.0/../../../avr/lib/avr5/libc.a(cty_isfalse.o)
 .text          0x0000000000000d28        0x0 /usr/lib/gcc/avr/5.4.0/../../../avr/lib/avr5/libc.a(strrev.o)
                0x0000000000000d28                . = ALIGN (0x2)
 *(.text.*)
 .text.startup  0x0000000000000d28      0x252 objdir/main.o
                0x0000000000000d28                main
 .text.exit     0x0000000000000f7a       0x20 objdir/main.o
 .text.avr-libc
                0x0000000000000f9a      0x6fa /usr/lib/gcc/avr/5.4.0/../../../avr/lib/avr5/libprintf_flt.a(vfprintf_flt.o)
                0x0000000000000f9a                vfprintf
 .text.avr-libc.fplib
                0x0000000000001694        0x8 /usr/lib/gcc/avr/5.4.0/../../../avr/lib/avr5/libm.a(divsf3.o)
                0x0000000000001694                __divsf3
 .text.avr-libc.fplib
                0x000000000000169c       0xdc /usr/lib/gcc/avr/5.4.0/../../../avr/lib/avr5/libm.a(divsf3x.o)
                0x00000000000016bc                __divsf3x
                0x00000000000016c2                __divsf3_pse
 .text.avr-libc.fplib
                0x0000000000001778       0x5e /usr/lib/gcc/avr/5.4.0/../../../avr/lib/avr5/libm.a(fixunssfsi.o)
                0x0000000000001778                __fixunssfsi
 .text.avr-libc.fplib
                0x00000000000017d6       0x7a /usr/lib/gcc/avr/5.4.0/../../../avr/lib/avr5/libm.a(floatsisf.o)
                0x00000000000017d6                __floatunsisf
                0x00000000000017da                __floatsisf
 .text.avr-libc.fplib
                0x0000000000001850        0xc /usr/lib/gcc/avr/5.4.0/../../../avr/lib/avr5/libm.a(fp_inf.o)
                0x0000000000001850                __fp_inf
 .text.avr-libc.fplib
                0x000000000000185c        0x6 /usr/lib/gcc/avr/5.4.0/../../../avr/lib/avr5/libm.a(fp_nan.o)
                0x000000000000185c                __fp_nan
 .text.avr-libc.fplib
                0x0000000000001862        0xe /usr/lib/gcc/avr/5.4.0/../../../avr/lib/avr5/libm.a(fp_pscA.o)
                0x0000000000001862                __fp_pscA
 .text.avr-libc.fplib
                0x0000000000001870        0xe /usr/lib/gcc/avr/5.4.0/../../../avr/lib/avr5/libm.a(fp_pscB.o)
                0x0000000000001870                __fp_pscB
 .text.avr-libc.fplib
                0x000000000000187e       0x22 /usr/lib/gcc/avr/5.4.0/../../../avr/lib/avr5/libm.a(fp_round.o)
                0x000000000000187e                __fp_round
 .text.avr-libc.fplib
                0x00000000000018a0       0x44 /usr/lib/gcc/avr/5.4.0/../../../avr/lib/avr5/libm.a(fp_split3.o)
                0x00000000000018a0                __fp_split3
                0x00000000000018b0                __fp_splitA
 .text.avr-libc.fplib
                0x00000000000018e4        0xe /usr/lib/gcc/avr/5.4.0/../../../avr/lib/avr5/libm.a(fp_zero.o)
                0x00000000000018e4                __fp_zero
                0x00000000000018e6                __fp_szero
 .text.libgcc.mul
                0x00000000000018f2       0x20 /usr/lib/gcc/avr/5.4.0/avr5/libgcc.a(_mulsi3.o)
                0x00000000000018f2                __mulsi3
 .text.libgcc.div
                0x0000000000001912        0x0 /usr/lib/gcc/avr/5.4.0/avr5/libgcc.a(_mulsi3.o)
 .text.libgcc   0x0000000000001912        0x0 /usr/lib/gcc/avr/5.4.0/avr5/libgcc.a(_mulsi3.o)
 .text.libgcc.prologue
                0x0000000000001912        0x0 /usr/lib/gcc/avr/5.4.0/avr5/libgcc.a(_mulsi3.o)
 .text.libgcc.builtins
                0x0000000000001912        0x0 /usr/lib/gcc/avr/5.4.0/avr5/libgcc.a(_mulsi3.o)
 .text.libgcc.fmul
                0x0000000000001912        0x0 /usr/lib/gcc/avr/5.4.0/avr5/libgcc.a(_mulsi3.o)
 .text.libgcc.fixed
                0x0000000000001912        0x0 /usr/lib/gcc/avr/5.4.0/avr5/libgcc.a(_mulsi3.o)
 .text.libgcc.mul
                0x0000000000001912        0x0 /usr/lib/gcc/avr/5.4.0/avr5/libgcc.a(_divmodsi4.o)
 .text.libgcc.div
                0x0000000000001912       0x2e /usr/lib/gcc/avr/5.4.0/avr5/libgcc.a(_divmodsi4.o)
                0x0000000000001912                __divmodsi4
 .text.libgcc   0x0000000000001940        0x0 /usr/lib/gcc/avr/5.4.0/avr5/libgcc.a(_divmodsi4.o)
 .text.libgcc.prologue
                0x0000000000001940        0x0 /usr/lib/gcc/avr/5.4.0/avr5/libgcc.a(_divmodsi4.o)
 .text.libgcc.builtins
                0x0000000000001940        0x0 /usr/lib/gcc/avr/5.4.0/avr5/libgcc.a(_divmodsi4.o)
 .text.libgcc.fmul
                0x0000000000001940        0x0 /usr/lib/gcc/avr/5.4.0/avr5/libgcc.a(_divmodsi4.o)
 .text.libgcc.fixed
                0x0000000000001940        0x0 /usr/lib/gcc/avr/5.4.0/avr5/libgcc.a(_divmodsi4.o)
 .text.libgcc.mul
                0x0000000000001940        0x0 /usr/lib/gcc/avr/5.4.0/avr5/libgcc.a(_negsi2.o)
 .text.libgcc.div
                0x0000000000001940       0x10 /usr/lib/gcc/avr/5.4.0/avr5/libgcc.a(_negsi2.o)
                0x0000000000001940                __negsi2
 .text.libgcc   0x0000000000001950        0x0 /usr/lib/gcc/avr/5.4.0/avr5/libgcc.a(_negsi2.o)
 .text.libgcc.prologue
                0x0000000000001950        0x0 /usr/lib/gcc/avr/5.4.0/avr5/libgcc.a(_negsi2.o)
 .text.libgcc.builtins
                0x0000000000001950        0x0 /usr/lib/gcc/avr/5.4.0/avr5/libgcc.a(_negsi2.o)
 .text.libgcc.fmul
                0x0000000000001950        0x0 /usr/lib/gcc/avr/5.4.0/avr5/libgcc.a(_negsi2.o)
 .text.libgcc.fixed
                0x0000000000001950        0x0 /usr/lib/gcc/avr/5.4.0/avr5/libgcc.a(_negsi2.o)
 .text.libgcc.mul
                0x0000000000001950        0x0 /usr/lib/gcc/avr/5.4.0/avr5/libgcc.a(_exit.o)
 .text.libgcc.div
                0x0000000000001950        0x0 /usr/lib/gcc/avr/5.4.0/avr5/libgcc.a(_exit.o)
 .text.libgcc   0x0000000000001950        0x0 /usr/lib/gcc/avr/5.4.0/avr5/libgcc.a(_exit.o)
 .text.libgcc.prologue
                0x0000000000001950        0x0 /usr/lib/gcc/avr/5.4.0/avr5/libgcc.a(_exit.o)
 .text.libgcc.builtins
                0x0000000000001950        0x0 /usr/lib/gcc/avr/5.4.0/avr5/libgcc.a(_exit.o)
 .text.libgcc.fmul
                0x0000000000001950        0x0 /usr/lib/gcc/avr/5.4.0/avr5/libgcc.a(_exit.o)
 .text.libgcc.fixed
                0x0000000000001950        0x0 /usr/lib/gcc/avr/5.4.0/avr5/libgcc.a(_exit.o)
 .text.libgcc.mul
                0x0000000000001950        0x0 /usr/lib/gcc/avr/5.4.0/avr5/libgcc.a(_tablejump2.o)
 .text.libgcc.div
                0x0000000000001950        0x0 /usr/lib/gcc/avr/5.4.0/avr5/libgcc.a(_tablejump2.o)
 .text.libgcc   0x0000000000001950        0xc /usr/lib/gcc/avr/5.4.0/avr5/libgcc.a(_tablejump2.o)
                0x0000000000001950                __tablejump2__
 .text.libgcc.prologue
                0x000000000000195c        0x0 /usr/lib/gcc/avr/5.4.0/avr5/libgcc.a(_tablejump2.o)
 .text.libgcc.builtins
                0x000000000000195c        0x0 /usr/lib/gcc/avr/5.4.0/avr5/libgcc.a(_tablejump2.o)
 .text.libgcc.fmul
                0x000000000000195c        0x0 /usr/lib/gcc/avr/5.4.0/avr5/libgcc.a(_tablejump2.o)
 .text.libgcc.fixed
                0x000000000000195c        0x0 /usr/lib/gcc/avr/5.4.0/avr5/libgcc.a(_tablejump2.o)
 .text.libgcc.mul
                0x000000000000195c        0x0 /usr/lib/gcc/avr/5.4.0/avr5/libgcc.a(_copy_data.o)
 .text.libgcc.div
                0x000000000000195c        0x0 /usr/lib/gcc/avr/5.4.0/avr5/libgcc.a(_copy_data.o)
 .text.libgcc   0x000000000000195c        0x0 /usr/lib/gcc/avr/5.4.0/avr5/libgcc.a(_copy_data.o)
 .text.libgcc.prologue
                0x000000000000195c        0x0 /usr/lib/gcc/avr/5.4.0/avr5/libgcc.a(_copy_data.o)
 .text.libgcc.builtins
                0x000000000000195c        0x0 /usr/lib/gcc/avr/5.4.0/avr5/libgcc.a(_copy_data.o)
 .text.libgcc.fmul
                0x000000000000195c        0x0 /usr/lib/gcc/avr/5.4.0/avr5/libgcc.a(_copy_data.o)
 .text.libgcc.fixed
                0x000000000000195c        0x0 /usr/lib/gcc/avr/5.4.0/avr5/libgcc.a(_copy_data.o)
 .text.libgcc.mul
                0x000000000000195c        0x0 /usr/lib/gcc/avr/5.4.0/avr5/libgcc.a(_clear_bss.o)
 .text.libgcc.div
                0x000000000000195c        0x0 /usr/lib/gcc/avr/5.4.0/avr5/libgcc.a(_clear_bss.o)
 .text.libgcc   0x000000000000195c        0x0 /usr/lib/gcc/avr/5.4.0/avr5/libgcc.a(_clear_bss.o)
 .text.libgcc.prologue
                0x000000000000195c        0x0 /usr/lib/gcc/avr/5.4.0/avr5/libgcc.a(_clear_bss.o)
 .text.libgcc.builtins
                0x000000000000195c        0x0 /usr/lib/gcc/avr/5.4.0/avr5/libgcc.a(_clear_bss.o)
 .text.libgcc.fmul
                0x000000000000195c        0x0 /usr/lib/gcc/avr/5.4.0/avr5/libgcc.a(_clear_bss.o)
 .text.libgcc.fixed
                0x000000000000195c        0x0 /usr/lib/gcc/avr/5.4.0/avr5/libgcc.a(_clear_bss.o)
 .text.libgcc.mul
                0x000000000000195c        0x0 /usr/lib/gcc/avr/5.4.0/avr5/libgcc.a(_ctors.o)
 .text.libgcc.div
                0x000000000000195c        0x0 /usr/lib/gcc/avr/5.4.0/avr5/libgcc.a(_ctors.o)
 .text.libgcc   0x000000000000195c        0x0 /usr/lib/gcc/avr/5.4.0/avr5/libgcc.a(_ctors.o)
 .text.libgcc.prologue
                0x000000000000195c        0x0 /usr/lib/gcc/avr/5.4.0/avr5/libgcc.a(_ctors.o)
 .text.libgcc.builtins
                0x000000000000195c        0x0 /usr/lib/gcc/avr/5.4.0/avr5/libgcc.a(_ctors.o)
 .text.libgcc.fmul
                0x000000000000195c        0x0 /usr/lib/gcc/avr/5.4.0/avr5/libgcc.a(_ctors.o)
 .text.libgcc.fixed
                0x000000000000195c        0x0 /usr/lib/gcc/avr/5.4.0/avr5/libgcc.a(_ctors.o)
 .text.libgcc.mul
                0x000000000000195c        0x0 /usr/lib/gcc/avr/5.4.0/avr5/libgcc.a(_dtors.o)
 .text.libgcc.div
                0x000000000000195c        0x0 /usr/lib/gcc/avr/5.4.0/avr5/libgcc.a(_dtors.o)
 .text.libgcc   0x000000000000195c        0x0 /usr/lib/gcc/avr/5.4.0/avr5/libgcc.a(_dtors.o)
 .text.libgcc.prologue
                0x000000000000195c        0x0 /usr/lib/gcc/avr/5.4.0/avr5/libgcc.a(_dtors.o)
 .text.libgcc.builtins
                0x000000000000195c        0x0 /usr/lib/gcc/avr/5.4.0/avr5/libgcc.a(_dtors.o)
 .text.libgcc.fmul
                0x000000000000195c        0x0 /usr/lib/gcc/avr/5.4.0/avr5/libgcc.a(_dtors.o)
 .text.libgcc.fixed
                0x000000000000195c        0x0 /usr/lib/gcc/avr/5.4.0/avr5/libgcc.a(_dtors.o)
 .text.libgcc.mul
                0x000000000000195c       0x16 /usr/lib/gcc/avr/5.4.0/avr5/libgcc.a(_muluhisi3.o)
                0x000000000000195c                __muluhisi3
 .text.libgcc.div
                0x0000000000001972        0x0 /usr/lib/gcc/avr/5.4.0/avr5/libgcc.a(_muluhisi3.o)
 .text.libgcc   0x0000000000001972        0x0 /usr/lib/gcc/avr/5.4.0/avr5/libgcc.a(_muluhisi3.o)
 .text.libgcc.prologue
                0x0000000000001972        0x0 /usr/lib/gcc/avr/5.4.0/avr5/libgcc.a(_muluhisi3.o)
 .text.libgcc.builtins
                0x0000000000001972        0x0 /usr/lib/gcc/avr/5.4.0/avr5/libgcc.a(_muluhisi3.o)
 .text.libgcc.fmul
                0x0000000000001972        0x0 /usr/lib/gcc/avr/5.4.0/avr5/libgcc.a(_muluhisi3.o)
 .text.libgcc.fixed
                0x0000000000001972        0x0 /usr/lib/gcc/avr/5.4.0/avr5/libgcc.a(_muluhisi3.o)
 .text.libgcc.mul
                0x0000000000001972        0x0 /usr/lib/gcc/avr/5.4.0/avr5/libgcc.a(_prologue.o)
 .text.libgcc.div
                0x0000000000001972        0x0 /usr/lib/gcc/avr/5.4.0/avr5/libgcc.a(_prologue.o)
 .text.libgcc   0x0000000000001972        0x0 /usr/lib/gcc/avr/5.4.0/avr5/libgcc.a(_prologue.o)
 .text.libgcc.prologue
                0x0000000000001972       0x38 /usr/lib/gcc/avr/5.4.0/avr5/libgcc.a(_prologue.o)
                0x0000000000001972                __prologue_saves__
 .text.libgcc.builtins
                0x00000000000019aa        0x0 /usr/lib/gcc/avr/5.4.0/avr5/libgcc.a(_prologue.o)
 .text.libgcc.fmul
                0x00000000000019aa        0x0 /usr/lib/gcc/avr/5.4.0/avr5/libgcc.a(_prologue.o)
 .text.libgcc.fixed
                0x00000000000019aa        0x0 /usr/lib/gcc/avr/5.4.0/avr5/libgcc.a(_prologue.o)
 .text.libgcc.mul
                0x00000000000019aa        0x0 /usr/lib/gcc/avr/5.4.0/avr5/libgcc.a(_epilogue.o)
 .text.libgcc.div
                0x00000000000019aa        0x0 /usr/lib/gcc/avr/5.4.0/avr5/libgcc.a(_epilogue.o)
 .text.libgcc   0x00000000000019aa        0x0 /usr/lib/gcc/avr/5.4.0/avr5/libgcc.a(_epilogue.o)
 .text.libgcc.prologue
                0x00000000000019aa       0x36 /usr/lib/gcc/avr/5.4.0/avr5/libgcc.a(_epilogue.o)
                0x00000000000019aa                __epilogue_restores__
 .text.libgcc.builtins
                0x00000000000019e0        0x0 /usr/lib/gcc/avr/5.4.0/avr5/libgcc.a(_epilogue.o)
 .text.libgcc.fmul
                0x00000000000019e0        0x0 /usr/lib/gcc/avr/5.4.0/avr5/libgcc.a(_epilogue.o)
 .text.libgcc.fixed
                0x00000000000019e0        0x0 /usr/lib/gcc/avr/5.4.0/avr5/libgcc.a(_epilogue.o)
 .text.libgcc.mul
                0x00000000000019e0        0x0 /usr/lib/gcc/avr/5.4.0/avr5/libgcc.a(_udivmodsi4.o)
 .text.libgcc.div
                0x00000000000019e0       0x44 /usr/lib/gcc/avr/5.4.0/avr5/libgcc.a(_udivmodsi4.o)
                0x00000000000019e0                __udivmodsi4
 .text.libgcc   0x0000000000001a24        0x0 /usr/lib/gcc/avr/5.4.0/avr5/libgcc.a(_udivmodsi4.o)
 .text.libgcc.prologue
                0x0000000000001a24        0x0 /usr/lib/gcc/avr/5.4.0/avr5/libgcc.a(_udivmodsi4.o)
 .text.libgcc.builtins
                0x0000000000001a24        0x0 /usr/lib/gcc/avr/5.4.0/avr5/libgcc.a(_udivmodsi4.o)
 .text.libgcc.fmul
                0x0000000000001a24        0x0 /usr/lib/gcc/avr/5.4.0/avr5/libgcc.a(_udivmodsi4.o)
 .text.libgcc.fixed
                0x0000000000001a24        0x0 /usr/lib/gcc/avr/5.4.0/avr5/libgcc.a(_udivmodsi4.o)
 .text.libgcc.mul
                0x0000000000001a24       0x1e /usr/lib/gcc/avr/5.4.0/avr5/libgcc.a(_umulhisi3.o)
                0x0000000000001a24                __umulhisi3
 .text.libgcc.div
                0x0000000000001a42        0x0 /usr/lib/gcc/avr/5.4.0/avr5/libgcc.a(_umulhisi3.o)
 .text.libgcc   0x0000000000001a42        0x0 /usr/lib/gcc/avr/5.4.0/avr5/libgcc.a(_umulhisi3.o)
 .text.libgcc.prologue
                0x0000000000001a42        0x0 /usr/lib/gcc/avr/5.4.0/avr5/libgcc.a(_umulhisi3.o)
 .text.libgcc.builtins
                0x0000000000001a42        0x0 /usr/lib/gcc/avr/5.4.0/avr5/libgcc.a(_umulhisi3.o)
 .text.libgcc.fmul
                0x0000000000001a42        0x0 /usr/lib/gcc/avr/5.4.0/avr5/libgcc.a(_umulhisi3.o)
 .text.libgcc.fixed
                0x0000000000001a42        0x0 /usr/lib/gcc/avr/5.4.0/avr5/libgcc.a(_umulhisi3.o)
 .text.avr-libc
                0x0000000000001a42      0x22c /usr/lib/gcc/avr/5.4.0/../../../avr/lib/avr5/libc.a(strtol.o)
                0x0000000000001a42                strtol
 .text.avr-libc
                0x0000000000001c6e      0x1b0 /usr/lib/gcc/avr/5.4.0/../../../avr/lib/avr5/libc.a(ftoa_engine.o)
                0x0000000000001c6e                __ftoa_engine
 .text.avr-libc
                0x0000000000001e1e       0x12 /usr/lib/gcc/avr/5.4.0/../../../avr/lib/avr5/libc.a(isspace.o)
                0x0000000000001e1e                isspace
 .text.avr-libc
                0x0000000000001e30       0x16 /usr/lib/gcc/avr/5.4.0/../../../avr/lib/avr5/libc.a(strnlen_P.o)
                0x0000000000001e30                strnlen_P
 .text.avr-libc
                0x0000000000001e46       0x16 /usr/lib/gcc/avr/5.4.0/../../../avr/lib/avr5/libc.a(strnlen.o)
                0x0000000000001e46                strnlen
 .text.avr-libc
                0x0000000000001e5c       0x16 /usr/lib/gcc/avr/5.4.0/../../../avr/lib/avr5/libc.a(ltoa.o)
                0x0000000000001e5c                __ltoa
                0x0000000000001e5c                ltoa
 .text.avr-libc
                0x0000000000001e72       0x1e /usr/lib/gcc/avr/5.4.0/../../../avr/lib/avr5/libc.a(ltoa_ncheck.o)
                0x0000000000001e72                __ltoa_ncheck
 .text.avr-libc
                0x0000000000001e90       0x44 /usr/lib/gcc/avr/5.4.0/../../../avr/lib/avr5/libc.a(ultoa_ncheck.o)
                0x0000000000001e90                __ultoa_ncheck
                0x0000000000001e92                __ultoa_common
 .text.avr-libc
                0x0000000000001ed4       0x78 /usr/lib/gcc/avr/5.4.0/../../../avr/lib/avr5/libc.a(fputc.o)
                0x0000000000001ed4                fputc
 .text.avr-libc
                0x0000000000001f4c       0xbc /usr/lib/gcc/avr/5.4.0/../../../avr/lib/avr5/libc.a(ultoa_invert.o)
                0x0000000000001f4c                __ultoa_invert
 .text.avr-libc
                0x0000000000002008        0x6 /usr/lib/gcc/avr/5.4.0/../../../avr/lib/avr5/libc.a(cty_isfalse.o)
                0x0000000000002008                __ctype_isfalse
                0x000000000000200c                __ctype_istrue
 .text.avr-libc
                0x000000000000200e       0x20 /usr/lib/gcc/avr/5.4.0/../../../avr/lib/avr5/libc.a(strrev.o)
                0x000000000000200e                strrev
                0x000000000000202e                . = ALIGN (0x2)
 *(.fini9)
 .fini9         0x000000000000202e        0x0 /usr/lib/gcc/avr/5.4.0/avr5/libgcc.a(_exit.o)
                0x000000000000202e                exit
                0x000000000000202e                _exit
 *(.fini9)
 *(.fini8)
 *(.fini8)
 *(.fini7)
 *(.fini7)
 *(.fini6)
 .fini6         0x000000000000202e       0x16 /usr/lib/gcc/avr/5.4.0/avr5/libgcc.a(_dtors.o)
                0x000000000000202e                __do_global_dtors
 *(.fini6)
 *(.fini5)
 *(.fini5)
 *(.fini4)
 *(.fini4)
 *(.fini3)
 *(.fini3)
 *(.fini2)
 *(.fini2)
 *(.fini1)
 *(.fini1)
 *(.fini0)
 .fini0         0x0000000000002044        0x4 /usr/lib/gcc/avr/5.4.0/avr5/libgcc.a(_exit.o)
 *(.fini0)
                0x0000000000002048                _etext = .

.data           0x0000000000800100      0x162 load address 0x0000000000002048
                0x0000000000800100                PROVIDE (__data_start, .)
 *(.data)
 .data          0x0000000000800100        0x0 /usr/lib/gcc/avr/5.4.0/../../../avr/lib/avr5/crtatmega169.o
 .data          0x0000000000800100        0x0 objdir/main.o
 .data          0x0000000000800100       0x7e objdir/LCD.o
                0x0000000000800100                _ZN3LCD6digitsE
 .data          0x000000000080017e        0x0 objdir/state_machine.o
 .data          0x000000000080017e        0x0 objdir/scale.o
 .data          0x000000000080017e        0x0 objdir/ADC.o
 .data          0x000000000080017e        0x0 objdir/UART.o
 .data          0x000000000080017e        0x0 /usr/lib/gcc/avr/5.4.0/../../../avr/lib/avr5/libprintf_flt.a(vfprintf_flt.o)
 .data          0x000000000080017e        0x0 /usr/lib/gcc/avr/5.4.0/../../../avr/lib/avr5/libm.a(divsf3.o)
 .data          0x000000000080017e        0x0 /usr/lib/gcc/avr/5.4.0/../../../avr/lib/avr5/libm.a(divsf3x.o)
 .data          0x000000000080017e        0x0 /usr/lib/gcc/avr/5.4.0/../../../avr/lib/avr5/libm.a(fixunssfsi.o)
 .data          0x000000000080017e        0x0 /usr/lib/gcc/avr/5.4.0/../../../avr/lib/avr5/libm.a(floatsisf.o)
 .data          0x000000000080017e        0x0 /usr/lib/gcc/avr/5.4.0/../../../avr/lib/avr5/libm.a(fp_inf.o)
 .data          0x000000000080017e        0x0 /usr/lib/gcc/avr/5.4.0/../../../avr/lib/avr5/libm.a(fp_nan.o)
 .data          0x000000000080017e        0x0 /usr/lib/gcc/avr/5.4.0/../../../avr/lib/avr5/libm.a(fp_pscA.o)
 .data          0x000000000080017e        0x0 /usr/lib/gcc/avr/5.4.0/../../../avr/lib/avr5/libm.a(fp_pscB.o)
 .data          0x000000000080017e        0x0 /usr/lib/gcc/avr/5.4.0/../../../avr/lib/avr5/libm.a(fp_round.o)
 .data          0x000000000080017e        0x0 /usr/lib/gcc/avr/5.4.0/../../../avr/lib/avr5/libm.a(fp_split3.o)
 .data          0x000000000080017e        0x0 /usr/lib/gcc/avr/5.4.0/../../../avr/lib/avr5/libm.a(fp_zero.o)
 .data          0x000000000080017e        0x0 /usr/lib/gcc/avr/5.4.0/avr5/libgcc.a(_mulsi3.o)
 .data          0x000000000080017e        0x0 /usr/lib/gcc/avr/5.4.0/avr5/libgcc.a(_divmodsi4.o)
 .data          0x000000000080017e        0x0 /usr/lib/gcc/avr/5.4.0/avr5/libgcc.a(_negsi2.o)
 .data          0x000000000080017e        0x0 /usr/lib/gcc/avr/5.4.0/avr5/libgcc.a(_exit.o)
 .data          0x000000000080017e        0x0 /usr/lib/gcc/avr/5.4.0/avr5/libgcc.a(_tablejump2.o)
 .data          0x000000000080017e        0x0 /usr/lib/gcc/avr/5.4.0/avr5/libgcc.a(_copy_data.o)
 .data          0x000000000080017e        0x0 /usr/lib/gcc/avr/5.4.0/avr5/libgcc.a(_clear_bss.o)
 .data          0x000000000080017e        0x0 /usr/lib/gcc/avr/5.4.0/avr5/libgcc.a(_ctors.o)
 .data          0x000000000080017e        0x0 /usr/lib/gcc/avr/5.4.0/avr5/libgcc.a(_dtors.o)
 .data          0x000000000080017e        0x0 /usr/lib/gcc/avr/5.4.0/avr5/libgcc.a(_muluhisi3.o)
 .data          0x000000000080017e        0x0 /usr/lib/gcc/avr/5.4.0/avr5/libgcc.a(_prologue.o)
 .data          0x000000000080017e        0x0 /usr/lib/gcc/avr/5.4.0/avr5/libgcc.a(_epilogue.o)
 .data          0x000000000080017e        0x0 /usr/lib/gcc/avr/5.4.0/avr5/libgcc.a(_udivmodsi4.o)
 .data          0x000000000080017e        0x0 /usr/lib/gcc/avr/5.4.0/avr5/libgcc.a(_umulhisi3.o)
 .data          0x000000000080017e        0x0 /usr/lib/gcc/avr/5.4.0/../../../avr/lib/avr5/libc.a(strtol.o)
 .data          0x000000000080017e        0x0 /usr/lib/gcc/avr/5.4.0/../../../avr/lib/avr5/libc.a(ftoa_engine.o)
 .data          0x000000000080017e        0x0 /usr/lib/gcc/avr/5.4.0/../../../avr/lib/avr5/libc.a(isspace.o)
 .data          0x000000000080017e        0x0 /usr/lib/gcc/avr/5.4.0/../../../avr/lib/avr5/libc.a(strnlen_P.o)
 .data          0x000000000080017e        0x0 /usr/lib/gcc/avr/5.4.0/../../../avr/lib/avr5/libc.a(strnlen.o)
 .data          0x000000000080017e        0x0 /usr/lib/gcc/avr/5.4.0/../../../avr/lib/avr5/libc.a(ltoa.o)
 .data          0x000000000080017e        0x0 /usr/lib/gcc/avr/5.4.0/../../../avr/lib/avr5/libc.a(ltoa_ncheck.o)
 .data          0x000000000080017e        0x0 /usr/lib/gcc/avr/5.4.0/../../../avr/lib/avr5/libc.a(ultoa_ncheck.o)
 .data          0x000000000080017e        0x0 /usr/lib/gcc/avr/5.4.0/../../../avr/lib/avr5/libc.a(fputc.o)
 .data          0x000000000080017e        0x0 /usr/lib/gcc/avr/5.4.0/../../../avr/lib/avr5/libc.a(ultoa_invert.o)
 .data          0x000000000080017e        0x0 /usr/lib/gcc/avr/5.4.0/../../../avr/lib/avr5/libc.a(errno.o)
 .data          0x000000000080017e        0x0 /usr/lib/gcc/avr/5.4.0/../../../avr/lib/avr5/libc.a(cty_isfalse.o)
 .data          0x000000000080017e        0x0 /usr/lib/gcc/avr/5.4.0/../../../avr/lib/avr5/libc.a(strrev.o)
 *(.data*)
 *(.gnu.linkonce.d*)
 *(.rodata)
 .rodata        0x000000000080017e        0xa objdir/LCD.o
                0x000000000080017e                _ZN3LCD5NbMapE
 .rodata        0x0000000000800188        0x4 objdir/state_machine.o
                0x0000000000800188                _ZN2SM15states_durationE
 *(.rodata*)
 .rodata.str1.1
                0x000000000080018c       0xa0 objdir/main.o
 .rodata.str1.1
                0x000000000080022c       0x35 objdir/state_machine.o
 *(.gnu.linkonce.r*)
                0x0000000000800262                . = ALIGN (0x2)
 *fill*         0x0000000000800261        0x1 
                0x0000000000800262                _edata = .
                0x0000000000800262                PROVIDE (__data_end, .)

.bss            0x0000000000800262       0x37
                0x0000000000800262                PROVIDE (__bss_start, .)
 *(.bss)
 .bss           0x0000000000800262        0x0 /usr/lib/gcc/avr/5.4.0/../../../avr/lib/avr5/crtatmega169.o
 .bss           0x0000000000800262       0x35 objdir/main.o
                0x0000000000800262                btn_state
                0x0000000000800263                loop_cnt
                0x0000000000800264                mySM
                0x000000000080026d                myScale
                0x0000000000800280                myLCD
                0x0000000000800281                uart
 .bss           0x0000000000800297        0x0 objdir/LCD.o
 .bss           0x0000000000800297        0x0 objdir/state_machine.o
 .bss           0x0000000000800297        0x0 objdir/scale.o
 .bss           0x0000000000800297        0x0 objdir/ADC.o
 .bss           0x0000000000800297        0x0 objdir/UART.o
 .bss           0x0000000000800297        0x0 /usr/lib/gcc/avr/5.4.0/../../../avr/lib/avr5/libprintf_flt.a(vfprintf_flt.o)
 .bss           0x0000000000800297        0x0 /usr/lib/gcc/avr/5.4.0/../../../avr/lib/avr5/libm.a(divsf3.o)
 .bss           0x0000000000800297        0x0 /usr/lib/gcc/avr/5.4.0/../../../avr/lib/avr5/libm.a(divsf3x.o)
 .bss           0x0000000000800297        0x0 /usr/lib/gcc/avr/5.4.0/../../../avr/lib/avr5/libm.a(fixunssfsi.o)
 .bss           0x0000000000800297        0x0 /usr/lib/gcc/avr/5.4.0/../../../avr/lib/avr5/libm.a(floatsisf.o)
 .bss           0x0000000000800297        0x0 /usr/lib/gcc/avr/5.4.0/../../../avr/lib/avr5/libm.a(fp_inf.o)
 .bss           0x0000000000800297        0x0 /usr/lib/gcc/avr/5.4.0/../../../avr/lib/avr5/libm.a(fp_nan.o)
 .bss           0x0000000000800297        0x0 /usr/lib/gcc/avr/5.4.0/../../../avr/lib/avr5/libm.a(fp_pscA.o)
 .bss           0x0000000000800297        0x0 /usr/lib/gcc/avr/5.4.0/../../../avr/lib/avr5/libm.a(fp_pscB.o)
 .bss           0x0000000000800297        0x0 /usr/lib/gcc/avr/5.4.0/../../../avr/lib/avr5/libm.a(fp_round.o)
 .bss           0x0000000000800297        0x0 /usr/lib/gcc/avr/5.4.0/../../../avr/lib/avr5/libm.a(fp_split3.o)
 .bss           0x0000000000800297        0x0 /usr/lib/gcc/avr/5.4.0/../../../avr/lib/avr5/libm.a(fp_zero.o)
 .bss           0x0000000000800297        0x0 /usr/lib/gcc/avr/5.4.0/avr5/libgcc.a(_mulsi3.o)
 .bss           0x0000000000800297        0x0 /usr/lib/gcc/avr/5.4.0/avr5/libgcc.a(_divmodsi4.o)
 .bss           0x0000000000800297        0x0 /usr/lib/gcc/avr/5.4.0/avr5/libgcc.a(_negsi2.o)
 .bss           0x0000000000800297        0x0 /usr/lib/gcc/avr/5.4.0/avr5/libgcc.a(_exit.o)
 .bss           0x0000000000800297        0x0 /usr/lib/gcc/avr/5.4.0/avr5/libgcc.a(_tablejump2.o)
 .bss           0x0000000000800297        0x0 /usr/lib/gcc/avr/5.4.0/avr5/libgcc.a(_copy_data.o)
 .bss           0x0000000000800297        0x0 /usr/lib/gcc/avr/5.4.0/avr5/libgcc.a(_clear_bss.o)
 .bss           0x0000000000800297        0x0 /usr/lib/gcc/avr/5.4.0/avr5/libgcc.a(_ctors.o)
 .bss           0x0000000000800297        0x0 /usr/lib/gcc/avr/5.4.0/avr5/libgcc.a(_dtors.o)
 .bss           0x0000000000800297        0x0 /usr/lib/gcc/avr/5.4.0/avr5/libgcc.a(_muluhisi3.o)
 .bss           0x0000000000800297        0x0 /usr/lib/gcc/avr/5.4.0/avr5/libgcc.a(_prologue.o)
 .bss           0x0000000000800297        0x0 /usr/lib/gcc/avr/5.4.0/avr5/libgcc.a(_epilogue.o)
 .bss           0x0000000000800297        0x0 /usr/lib/gcc/avr/5.4.0/avr5/libgcc.a(_udivmodsi4.o)
 .bss           0x0000000000800297        0x0 /usr/lib/gcc/avr/5.4.0/avr5/libgcc.a(_umulhisi3.o)
 .bss           0x0000000000800297        0x0 /usr/lib/gcc/avr/5.4.0/../../../avr/lib/avr5/libc.a(strtol.o)
 .bss           0x0000000000800297        0x0 /usr/lib/gcc/avr/5.4.0/../../../avr/lib/avr5/libc.a(ftoa_engine.o)
 .bss           0x0000000000800297        0x0 /usr/lib/gcc/avr/5.4.0/../../../avr/lib/avr5/libc.a(isspace.o)
 .bss           0x0000000000800297        0x0 /usr/lib/gcc/avr/5.4.0/../../../avr/lib/avr5/libc.a(strnlen_P.o)
 .bss           0x0000000000800297        0x0 /usr/lib/gcc/avr/5.4.0/../../../avr/lib/avr5/libc.a(strnlen.o)
 .bss           0x0000000000800297        0x0 /usr/lib/gcc/avr/5.4.0/../../../avr/lib/avr5/libc.a(ltoa.o)
 .bss           0x0000000000800297        0x0 /usr/lib/gcc/avr/5.4.0/../../../avr/lib/avr5/libc.a(ltoa_ncheck.o)
 .bss           0x0000000000800297        0x0 /usr/lib/gcc/avr/5.4.0/../../../avr/lib/avr5/libc.a(ultoa_ncheck.o)
 .bss           0x0000000000800297        0x0 /usr/lib/gcc/avr/5.4.0/../../../avr/lib/avr5/libc.a(fputc.o)
 .bss           0x0000000000800297        0x0 /usr/lib/gcc/avr/5.4.0/../../../avr/lib/avr5/libc.a(ultoa_invert.o)
 .bss           0x0000000000800297        0x0 /usr/lib/gcc/avr/5.4.0/../../../avr/lib/avr5/libc.a(errno.o)
 .bss           0x0000000000800297        0x0 /usr/lib/gcc/avr/5.4.0/../../../avr/lib/avr5/libc.a(cty_isfalse.o)
 .bss           0x0000000000800297        0x0 /usr/lib/gcc/avr/5.4.0/../../../avr/lib/avr5/libc.a(strrev.o)
 *(.bss*)
 *(COMMON)
 COMMON         0x0000000000800297        0x2 /usr/lib/gcc/avr/5.4.0/../../../avr/lib/avr5/libc.a(errno.o)
                0x0000000000800297                errno
                0x0000000000800299                PROVIDE (__bss_end, .)
                0x0000000000002048                __data_load_start = LOADADDR (.data)
                0x00000000000021aa                __data_load_end = (__data_load_start + SIZEOF (.data))

.noinit         0x0000000000800299        0x0
                [!provide]                        PROVIDE (__noinit_start, .)
 *(.noinit*)
                [!provide]                        PROVIDE (__noinit_end, .)
                0x0000000000800299                _end = .
                [!provide]                        PROVIDE (__heap_start, .)

.eeprom         0x0000000000810000        0x0
 *(.eeprom*)
                0x0000000000810000                __eeprom_end = .

.fuse
 *(.fuse)
 *(.lfuse)
 *(.hfuse)
 *(.efuse)

.lock
 *(.lock*)

.signature
 *(.signature*)

.user_signatures
 *(.user_signatures*)

.stab
 *(.stab)

.stabstr
 *(.stabstr)

.stab.excl
 *(.stab.excl)

.stab.exclstr
 *(.stab.exclstr)

.stab.index
 *(.stab.index)

.stab.indexstr
 *(.stab.indexstr)

.comment        0x0000000000000000       0x11
 *(.comment)
 .comment       0x0000000000000000       0x11 objdir/main.o
                                         0x12 (size before relaxing)
 .comment       0x0000000000000011       0x12 objdir/LCD.o
 .comment       0x0000000000000011       0x12 objdir/state_machine.o
 .comment       0x0000000000000011       0x12 objdir/scale.o
 .comment       0x0000000000000011       0x12 objdir/ADC.o
 .comment       0x0000000000000011       0x12 objdir/UART.o
 .comment       0x0000000000000011       0x12 /usr/lib/gcc/avr/5.4.0/../../../avr/lib/avr5/libprintf_flt.a(vfprintf_flt.o)
 .comment       0x0000000000000011       0x12 /usr/lib/gcc/avr/5.4.0/../../../avr/lib/avr5/libc.a(strtol.o)
 .comment       0x0000000000000011       0x12 /usr/lib/gcc/avr/5.4.0/../../../avr/lib/avr5/libc.a(fputc.o)
 .comment       0x0000000000000011       0x12 /usr/lib/gcc/avr/5.4.0/../../../avr/lib/avr5/libc.a(errno.o)

.note.gnu.avr.deviceinfo
                0x0000000000000000       0x3c
 .note.gnu.avr.deviceinfo
                0x0000000000000000       0x3c /usr/lib/gcc/avr/5.4.0/../../../avr/lib/avr5/crtatmega169.o

.note.gnu.build-id
 *(.note.gnu.build-id)

.debug
 *(.debug)

.line
 *(.line)

.debug_srcinfo
 *(.debug_srcinfo)

.debug_sfnames
 *(.debug_sfnames)

.debug_aranges  0x0000000000000000       0xd8
 *(.debug_aranges)
 .debug_aranges
                0x0000000000000000       0x38 objdir/main.o
 .debug_aranges
                0x0000000000000038       0x20 objdir/LCD.o
 .debug_aranges
                0x0000000000000058       0x20 objdir/state_machine.o
 .debug_aranges
                0x0000000000000078       0x20 objdir/scale.o
 .debug_aranges
                0x0000000000000098       0x20 objdir/ADC.o
 .debug_aranges
                0x00000000000000b8       0x20 objdir/UART.o

.debug_pubnames
 *(.debug_pubnames)

.debug_info     0x0000000000000000     0x383b
 *(.debug_info .gnu.linkonce.wi.*)
 .debug_info    0x0000000000000000      0xe0c objdir/main.o
 .debug_info    0x0000000000000e0c      0x7f3 objdir/LCD.o
 .debug_info    0x00000000000015ff      0xcf5 objdir/state_machine.o
 .debug_info    0x00000000000022f4      0x708 objdir/scale.o
 .debug_info    0x00000000000029fc      0x664 objdir/ADC.o
 .debug_info    0x0000000000003060      0x7db objdir/UART.o

.debug_abbrev   0x0000000000000000     0x1154
 *(.debug_abbrev)
 .debug_abbrev  0x0000000000000000      0x3a1 objdir/main.o
 .debug_abbrev  0x00000000000003a1      0x336 objdir/LCD.o
 .debug_abbrev  0x00000000000006d7      0x332 objdir/state_machine.o
 .debug_abbrev  0x0000000000000a09      0x265 objdir/scale.o
 .debug_abbrev  0x0000000000000c6e      0x24c objdir/ADC.o
 .debug_abbrev  0x0000000000000eba      0x29a objdir/UART.o

.debug_line     0x0000000000000000      0xce0
 *(.debug_line .debug_line.* .debug_line_end)
 .debug_line    0x0000000000000000      0x2b4 objdir/main.o
 .debug_line    0x00000000000002b4      0x306 objdir/LCD.o
 .debug_line    0x00000000000005ba      0x291 objdir/state_machine.o
 .debug_line    0x000000000000084b      0x13b objdir/scale.o
 .debug_line    0x0000000000000986      0x199 objdir/ADC.o
 .debug_line    0x0000000000000b1f      0x1c1 objdir/UART.o

.debug_frame    0x0000000000000000      0x638
 *(.debug_frame)
 .debug_frame   0x0000000000000000      0x124 objdir/main.o
 .debug_frame   0x0000000000000124      0x1ac objdir/LCD.o
 .debug_frame   0x00000000000002d0       0x7c objdir/state_machine.o
 .debug_frame   0x000000000000034c       0xe4 objdir/scale.o
 .debug_frame   0x0000000000000430       0xb4 objdir/ADC.o
 .debug_frame   0x00000000000004e4      0x154 objdir/UART.o

.debug_str      0x0000000000000000      0x901
 *(.debug_str)
 .debug_str     0x0000000000000000      0x76f objdir/main.o
                                        0x7d0 (size before relaxing)
 .debug_str     0x000000000000076f       0x5d objdir/LCD.o
                                        0x3cf (size before relaxing)
 .debug_str     0x00000000000007cc       0x61 objdir/state_machine.o
                                        0x733 (size before relaxing)
 .debug_str     0x000000000000082d       0x2b objdir/scale.o
                                        0x4fc (size before relaxing)
 .debug_str     0x0000000000000858       0x4c objdir/ADC.o
                                        0x325 (size before relaxing)
 .debug_str     0x00000000000008a4       0x5d objdir/UART.o
                                        0x33f (size before relaxing)

.debug_loc      0x0000000000000000     0x1928
 *(.debug_loc)
 .debug_loc     0x0000000000000000      0x2c4 objdir/main.o
 .debug_loc     0x00000000000002c4      0x692 objdir/LCD.o
 .debug_loc     0x0000000000000956      0x254 objdir/state_machine.o
 .debug_loc     0x0000000000000baa      0x397 objdir/scale.o
 .debug_loc     0x0000000000000f41      0x333 objdir/ADC.o
 .debug_loc     0x0000000000001274      0x6b4 objdir/UART.o

.debug_macinfo
 *(.debug_macinfo)

.debug_weaknames
 *(.debug_weaknames)

.debug_funcnames
 *(.debug_funcnames)

.debug_typenames
 *(.debug_typenames)

.debug_varnames
 *(.debug_varnames)

.debug_pubtypes
 *(.debug_pubtypes)

.debug_ranges   0x0000000000000000       0xa8
 *(.debug_ranges)
 .debug_ranges  0x0000000000000000       0x58 objdir/main.o
 .debug_ranges  0x0000000000000058       0x38 objdir/LCD.o
 .debug_ranges  0x0000000000000090       0x18 objdir/UART.o

.debug_macro
 *(.debug_macro)
OUTPUT(main.elf elf32-avr)
LOAD linker stubs

Cross Reference Table

Symbol                                            File
_ZN2SM15states_durationE                          objdir/state_machine.o
_ZN2SM6streamEbb                                  objdir/state_machine.o
                                                  objdir/main.o
_ZN2SM6updateEv                                   objdir/state_machine.o
                                                  objdir/main.o
_ZN2SM9nextStateEv                                objdir/state_machine.o
_ZN2SMC1EP4UARTP5ScaleP3LCD                       objdir/state_machine.o
                                                  objdir/main.o
_ZN2SMC2EP4UARTP5ScaleP3LCD                       objdir/state_machine.o
_ZN2SMD1Ev                                        objdir/state_machine.o
                                                  objdir/main.o
_ZN2SMD2Ev                                        objdir/state_machine.o
_ZN3LCD10setBatteryENS_7BatteryE                  objdir/LCD.o
                                                  objdir/main.o
_ZN3LCD5NbMapE                                    objdir/LCD.o
_ZN3LCD5clearEb                                   objdir/LCD.o
                                                  objdir/state_machine.o
_ZN3LCD5clearEv                                   objdir/LCD.o
_ZN3LCD5getDPEv                                   objdir/LCD.o
_ZN3LCD5setDPEb                                   objdir/LCD.o
                                                  objdir/state_machine.o
_ZN3LCD5setNbEl                                   objdir/LCD.o
                                                  objdir/state_machine.o
_ZN3LCD5setNbElh                                  objdir/LCD.o
                                                  objdir/state_machine.o
                                                  objdir/main.o
_ZN3LCD6digitsE                                   objdir/LCD.o
_ZN3LCD6getClkEv                                  objdir/LCD.o
_ZN3LCD6setClkEb                                  objdir/LCD.o
_ZN3LCD8setDigitEhNS_6SymbolE                     objdir/LCD.o
                                                  objdir/state_machine.o
_ZN3LCD8setDigitEhh                               objdir/LCD.o
                                                  objdir/state_machine.o
_ZN3LCDC1Eb                                       objdir/LCD.o
                                                  objdir/main.o
_ZN3LCDC2Eb                                       objdir/LCD.o
_ZN3LCDD1Ev                                       objdir/LCD.o
                                                  objdir/main.o
_ZN3LCDD2Ev                                       objdir/LCD.o
_ZN4UART10sendStringEPc                           objdir/UART.o
                                                  objdir/state_machine.o
                                                  objdir/main.o
_ZN4UART10sendStringEPcb                          objdir/UART.o
                                                  objdir/state_machine.o
                                                  objdir/main.o
_ZN4UART15isDataAvailableEv                       objdir/UART.o
                                                  objdir/main.o
_ZN4UART6sendNbEl                                 objdir/UART.o
                                                  objdir/scale.o
                                                  objdir/state_machine.o
                                                  objdir/main.o
_ZN4UART6sendNbElhb                               objdir/UART.o
                                                  objdir/scale.o
_ZN4UART7getCharEv                                objdir/UART.o
_ZN4UART7receiveEv                                objdir/UART.o
                                                  objdir/main.o
_ZN4UART8retrieveEv                               objdir/UART.o
                                                  objdir/main.o
_ZN4UART8sendByteEc                               objdir/UART.o
                                                  objdir/scale.o
_ZN4UARTC1Ev                                      objdir/UART.o
                                                  objdir/main.o
_ZN4UARTC2Ev                                      objdir/UART.o
_ZN4UARTD1Ev                                      objdir/UART.o
                                                  objdir/main.o
_ZN4UARTD2Ev                                      objdir/UART.o
_ZN5Scale10showWeightEb                           objdir/scale.o
                                                  objdir/state_machine.o
_ZN5Scale4tareEv                                  objdir/scale.o
                                                  objdir/state_machine.o
_ZN5Scale9getWeightEv                             objdir/scale.o
                                                  objdir/state_machine.o
_ZN5ScaleC1EP4UART                                objdir/scale.o
                                                  objdir/main.o
_ZN5ScaleC2EP4UART                                objdir/scale.o
_ZN5ScaleD1Ev                                     objdir/scale.o
                                                  objdir/main.o
_ZN5ScaleD2Ev                                     objdir/scale.o
_ZN7MCP346210readADCregEv                         objdir/ADC.o
_ZN7MCP346211isDataReadyEv                        objdir/ADC.o
_ZN7MCP346213getDirectDataEv                      objdir/ADC.o
                                                  objdir/scale.o
_ZN7MCP346213getGainedDataEv                      objdir/ADC.o
_ZN7MCP34628transmitEh                            objdir/ADC.o
_ZN7MCP3462C1Ev                                   objdir/ADC.o
                                                  objdir/scale.o
_ZN7MCP3462C2Ev                                   objdir/ADC.o
_ZN7MCP3462D1Ev                                   objdir/ADC.o
                                                  objdir/scale.o
_ZN7MCP3462D2Ev                                   objdir/ADC.o
__DATA_REGION_LENGTH__                            /usr/lib/gcc/avr/5.4.0/../../../avr/lib/avr5/crtatmega169.o
__DATA_REGION_ORIGIN__                            /usr/lib/gcc/avr/5.4.0/../../../avr/lib/avr5/crtatmega169.o
__EEPROM_REGION_LENGTH__                          /usr/lib/gcc/avr/5.4.0/../../../avr/lib/avr5/crtatmega169.o
__FUSE_REGION_LENGTH__                            /usr/lib/gcc/avr/5.4.0/../../../avr/lib/avr5/crtatmega169.o
__TEXT_REGION_LENGTH__                            /usr/lib/gcc/avr/5.4.0/../../../avr/lib/avr5/crtatmega169.o
__bad_interrupt                                   /usr/lib/gcc/avr/5.4.0/../../../avr/lib/avr5/crtatmega169.o
__bss_end                                         /usr/lib/gcc/avr/5.4.0/avr5/libgcc.a(_clear_bss.o)
__bss_start                                       /usr/lib/gcc/avr/5.4.0/avr5/libgcc.a(_clear_bss.o)
__ctors_end                                       /usr/lib/gcc/avr/5.4.0/avr5/libgcc.a(_ctors.o)
__ctors_start                                     /usr/lib/gcc/avr/5.4.0/avr5/libgcc.a(_ctors.o)
__ctype_isfalse                                   /usr/lib/gcc/avr/5.4.0/../../../avr/lib/avr5/libc.a(cty_isfalse.o)
                                                  /usr/lib/gcc/avr/5.4.0/../../../avr/lib/avr5/libc.a(isspace.o)
__ctype_istrue                                    /usr/lib/gcc/avr/5.4.0/../../../avr/lib/avr5/libc.a(cty_isfalse.o)
__data_end                                        /usr/lib/gcc/avr/5.4.0/avr5/libgcc.a(_copy_data.o)
__data_load_start                                 /usr/lib/gcc/avr/5.4.0/avr5/libgcc.a(_copy_data.o)
__data_start                                      /usr/lib/gcc/avr/5.4.0/avr5/libgcc.a(_copy_data.o)
__divmodsi4                                       /usr/lib/gcc/avr/5.4.0/avr5/libgcc.a(_divmodsi4.o)
                                                  objdir/LCD.o
                                                  objdir/main.o
__divsf3                                          /usr/lib/gcc/avr/5.4.0/../../../avr/lib/avr5/libm.a(divsf3.o)
                                                  objdir/main.o
__divsf3_pse                                      /usr/lib/gcc/avr/5.4.0/../../../avr/lib/avr5/libm.a(divsf3x.o)
__divsf3x                                         /usr/lib/gcc/avr/5.4.0/../../../avr/lib/avr5/libm.a(divsf3x.o)
                                                  /usr/lib/gcc/avr/5.4.0/../../../avr/lib/avr5/libm.a(divsf3.o)
__do_clear_bss                                    /usr/lib/gcc/avr/5.4.0/avr5/libgcc.a(_clear_bss.o)
                                                  /usr/lib/gcc/avr/5.4.0/../../../avr/lib/avr5/libc.a(errno.o)
                                                  objdir/main.o
__do_copy_data                                    /usr/lib/gcc/avr/5.4.0/avr5/libgcc.a(_copy_data.o)
                                                  objdir/state_machine.o
                                                  objdir/LCD.o
                                                  objdir/main.o
__do_global_ctors                                 /usr/lib/gcc/avr/5.4.0/avr5/libgcc.a(_ctors.o)
                                                  objdir/main.o
__do_global_dtors                                 /usr/lib/gcc/avr/5.4.0/avr5/libgcc.a(_dtors.o)
                                                  objdir/main.o
__dtors_end                                       /usr/lib/gcc/avr/5.4.0/avr5/libgcc.a(_dtors.o)
__dtors_start                                     /usr/lib/gcc/avr/5.4.0/avr5/libgcc.a(_dtors.o)
__epilogue_restores__                             /usr/lib/gcc/avr/5.4.0/avr5/libgcc.a(_epilogue.o)
                                                  /usr/lib/gcc/avr/5.4.0/../../../avr/lib/avr5/libc.a(strtol.o)
                                                  /usr/lib/gcc/avr/5.4.0/../../../avr/lib/avr5/libprintf_flt.a(vfprintf_flt.o)
__fixunssfsi                                      /usr/lib/gcc/avr/5.4.0/../../../avr/lib/avr5/libm.a(fixunssfsi.o)
                                                  objdir/main.o
__floatsisf                                       /usr/lib/gcc/avr/5.4.0/../../../avr/lib/avr5/libm.a(floatsisf.o)
__floatunsisf                                     /usr/lib/gcc/avr/5.4.0/../../../avr/lib/avr5/libm.a(floatsisf.o)
                                                  objdir/main.o
__fp_inf                                          /usr/lib/gcc/avr/5.4.0/../../../avr/lib/avr5/libm.a(fp_inf.o)
                                                  /usr/lib/gcc/avr/5.4.0/../../../avr/lib/avr5/libm.a(divsf3x.o)
__fp_nan                                          /usr/lib/gcc/avr/5.4.0/../../../avr/lib/avr5/libm.a(fp_nan.o)
                                                  /usr/lib/gcc/avr/5.4.0/../../../avr/lib/avr5/libm.a(divsf3x.o)
__fp_pscA                                         /usr/lib/gcc/avr/5.4.0/../../../avr/lib/avr5/libm.a(fp_pscA.o)
                                                  /usr/lib/gcc/avr/5.4.0/../../../avr/lib/avr5/libm.a(divsf3x.o)
__fp_pscB                                         /usr/lib/gcc/avr/5.4.0/../../../avr/lib/avr5/libm.a(fp_pscB.o)
                                                  /usr/lib/gcc/avr/5.4.0/../../../avr/lib/avr5/libm.a(divsf3x.o)
__fp_round                                        /usr/lib/gcc/avr/5.4.0/../../../avr/lib/avr5/libm.a(fp_round.o)
                                                  /usr/lib/gcc/avr/5.4.0/../../../avr/lib/avr5/libm.a(divsf3.o)
__fp_split3                                       /usr/lib/gcc/avr/5.4.0/../../../avr/lib/avr5/libm.a(fp_split3.o)
                                                  /usr/lib/gcc/avr/5.4.0/../../../avr/lib/avr5/libm.a(divsf3x.o)
__fp_splitA                                       /usr/lib/gcc/avr/5.4.0/../../../avr/lib/avr5/libm.a(fp_split3.o)
                                                  /usr/lib/gcc/avr/5.4.0/../../../avr/lib/avr5/libm.a(fixunssfsi.o)
__fp_szero                                        /usr/lib/gcc/avr/5.4.0/../../../avr/lib/avr5/libm.a(fp_zero.o)
                                                  /usr/lib/gcc/avr/5.4.0/../../../avr/lib/avr5/libm.a(divsf3x.o)
__fp_zero                                         /usr/lib/gcc/avr/5.4.0/../../../avr/lib/avr5/libm.a(fp_zero.o)
                                                  /usr/lib/gcc/avr/5.4.0/../../../avr/lib/avr5/libm.a(fixunssfsi.o)
__ftoa_engine                                     /usr/lib/gcc/avr/5.4.0/../../../avr/lib/avr5/libc.a(ftoa_engine.o)
                                                  /usr/lib/gcc/avr/5.4.0/../../../avr/lib/avr5/libprintf_flt.a(vfprintf_flt.o)
__heap_end                                        /usr/lib/gcc/avr/5.4.0/../../../avr/lib/avr5/crtatmega169.o
__init                                            /usr/lib/gcc/avr/5.4.0/../../../avr/lib/avr5/crtatmega169.o
__ltoa                                            /usr/lib/gcc/avr/5.4.0/../../../avr/lib/avr5/libc.a(ltoa.o)
                                                  objdir/UART.o
__ltoa_ncheck                                     /usr/lib/gcc/avr/5.4.0/../../../avr/lib/avr5/libc.a(ltoa_ncheck.o)
                                                  /usr/lib/gcc/avr/5.4.0/../../../avr/lib/avr5/libc.a(ltoa.o)
                                                  objdir/UART.o
__mulsi3                                          /usr/lib/gcc/avr/5.4.0/avr5/libgcc.a(_mulsi3.o)
                                                  /usr/lib/gcc/avr/5.4.0/../../../avr/lib/avr5/libc.a(strtol.o)
                                                  objdir/scale.o
__muluhisi3                                       /usr/lib/gcc/avr/5.4.0/avr5/libgcc.a(_muluhisi3.o)
                                                  /usr/lib/gcc/avr/5.4.0/avr5/libgcc.a(_mulsi3.o)
__negsi2                                          /usr/lib/gcc/avr/5.4.0/avr5/libgcc.a(_negsi2.o)
                                                  /usr/lib/gcc/avr/5.4.0/avr5/libgcc.a(_divmodsi4.o)
__prologue_saves__                                /usr/lib/gcc/avr/5.4.0/avr5/libgcc.a(_prologue.o)
                                                  /usr/lib/gcc/avr/5.4.0/../../../avr/lib/avr5/libc.a(strtol.o)
                                                  /usr/lib/gcc/avr/5.4.0/../../../avr/lib/avr5/libprintf_flt.a(vfprintf_flt.o)
__stack                                           /usr/lib/gcc/avr/5.4.0/../../../avr/lib/avr5/crtatmega169.o
__tablejump2__                                    /usr/lib/gcc/avr/5.4.0/avr5/libgcc.a(_tablejump2.o)
                                                  /usr/lib/gcc/avr/5.4.0/avr5/libgcc.a(_dtors.o)
                                                  /usr/lib/gcc/avr/5.4.0/avr5/libgcc.a(_ctors.o)
                                                  objdir/LCD.o
__udivmodsi4                                      /usr/lib/gcc/avr/5.4.0/avr5/libgcc.a(_udivmodsi4.o)
                                                  /usr/lib/gcc/avr/5.4.0/../../../avr/lib/avr5/libc.a(strtol.o)
                                                  /usr/lib/gcc/avr/5.4.0/avr5/libgcc.a(_divmodsi4.o)
__ultoa_common                                    /usr/lib/gcc/avr/5.4.0/../../../avr/lib/avr5/libc.a(ultoa_ncheck.o)
                                                  /usr/lib/gcc/avr/5.4.0/../../../avr/lib/avr5/libc.a(ltoa_ncheck.o)
__ultoa_invert                                    /usr/lib/gcc/avr/5.4.0/../../../avr/lib/avr5/libc.a(ultoa_invert.o)
                                                  /usr/lib/gcc/avr/5.4.0/../../../avr/lib/avr5/libprintf_flt.a(vfprintf_flt.o)
__ultoa_ncheck                                    /usr/lib/gcc/avr/5.4.0/../../../avr/lib/avr5/libc.a(ultoa_ncheck.o)
__umulhisi3                                       /usr/lib/gcc/avr/5.4.0/avr5/libgcc.a(_umulhisi3.o)
                                                  /usr/lib/gcc/avr/5.4.0/avr5/libgcc.a(_muluhisi3.o)
__vector_1                                        /usr/lib/gcc/avr/5.4.0/../../../avr/lib/avr5/crtatmega169.o
__vector_10                                       /usr/lib/gcc/avr/5.4.0/../../../avr/lib/avr5/crtatmega169.o
__vector_11                                       /usr/lib/gcc/avr/5.4.0/../../../avr/lib/avr5/crtatmega169.o
__vector_12                                       /usr/lib/gcc/avr/5.4.0/../../../avr/lib/avr5/crtatmega169.o
__vector_13                                       objdir/main.o
                                                  /usr/lib/gcc/avr/5.4.0/../../../avr/lib/avr5/crtatmega169.o
__vector_14                                       /usr/lib/gcc/avr/5.4.0/../../../avr/lib/avr5/crtatmega169.o
__vector_15                                       /usr/lib/gcc/avr/5.4.0/../../../avr/lib/avr5/crtatmega169.o
__vector_16                                       /usr/lib/gcc/avr/5.4.0/../../../avr/lib/avr5/crtatmega169.o
__vector_17                                       /usr/lib/gcc/avr/5.4.0/../../../avr/lib/avr5/crtatmega169.o
__vector_18                                       /usr/lib/gcc/avr/5.4.0/../../../avr/lib/avr5/crtatmega169.o
__vector_19                                       objdir/main.o
                                                  /usr/lib/gcc/avr/5.4.0/../../../avr/lib/avr5/crtatmega169.o
__vector_2                                        /usr/lib/gcc/avr/5.4.0/../../../avr/lib/avr5/crtatmega169.o
__vector_20                                       /usr/lib/gcc/avr/5.4.0/../../../avr/lib/avr5/crtatmega169.o
__vector_21                                       /usr/lib/gcc/avr/5.4.0/../../../avr/lib/avr5/crtatmega169.o
__vector_22                                       /usr/lib/gcc/avr/5.4.0/../../../avr/lib/avr5/crtatmega169.o
__vector_3                                        /usr/lib/gcc/avr/5.4.0/../../../avr/lib/avr5/crtatmega169.o
__vector_4                                        /usr/lib/gcc/avr/5.4.0/../../../avr/lib/avr5/crtatmega169.o
__vector_5                                        /usr/lib/gcc/avr/5.4.0/../../../avr/lib/avr5/crtatmega169.o
__vector_6                                        /usr/lib/gcc/avr/5.4.0/../../../avr/lib/avr5/crtatmega169.o
__vector_7                                        /usr/lib/gcc/avr/5.4.0/../../../avr/lib/avr5/crtatmega169.o
__vector_8                                        /usr/lib/gcc/avr/5.4.0/../../../avr/lib/avr5/crtatmega169.o
__vector_9                                        /usr/lib/gcc/avr/5.4.0/../../../avr/lib/avr5/crtatmega169.o
__vector_default                                  /usr/lib/gcc/avr/5.4.0/../../../avr/lib/avr5/crtatmega169.o
__vectors                                         /usr/lib/gcc/avr/5.4.0/../../../avr/lib/avr5/crtatmega169.o
_exit                                             /usr/lib/gcc/avr/5.4.0/avr5/libgcc.a(_exit.o)
btn_state                                         objdir/main.o
errno                                             /usr/lib/gcc/avr/5.4.0/../../../avr/lib/avr5/libc.a(errno.o)
                                                  /usr/lib/gcc/avr/5.4.0/../../../avr/lib/avr5/libc.a(strtol.o)
exit                                              /usr/lib/gcc/avr/5.4.0/avr5/libgcc.a(_exit.o)
                                                  /usr/lib/gcc/avr/5.4.0/../../../avr/lib/avr5/crtatmega169.o
fputc                                             /usr/lib/gcc/avr/5.4.0/../../../avr/lib/avr5/libc.a(fputc.o)
                                                  /usr/lib/gcc/avr/5.4.0/../../../avr/lib/avr5/libprintf_flt.a(vfprintf_flt.o)
isspace                                           /usr/lib/gcc/avr/5.4.0/../../../avr/lib/avr5/libc.a(isspace.o)
                                                  /usr/lib/gcc/avr/5.4.0/../../../avr/lib/avr5/libc.a(strtol.o)
loop_cnt                                          objdir/main.o
ltoa                                              /usr/lib/gcc/avr/5.4.0/../../../avr/lib/avr5/libc.a(ltoa.o)
main                                              objdir/main.o
                                                  /usr/lib/gcc/avr/5.4.0/../../../avr/lib/avr5/crtatmega169.o
myLCD                                             objdir/main.o
mySM                                              objdir/main.o
myScale                                           objdir/main.o
strnlen                                           /usr/lib/gcc/avr/5.4.0/../../../avr/lib/avr5/libc.a(strnlen.o)
                                                  /usr/lib/gcc/avr/5.4.0/../../../avr/lib/avr5/libprintf_flt.a(vfprintf_flt.o)
strnlen_P                                         /usr/lib/gcc/avr/5.4.0/../../../avr/lib/avr5/libc.a(strnlen_P.o)
                                                  /usr/lib/gcc/avr/5.4.0/../../../avr/lib/avr5/libprintf_flt.a(vfprintf_flt.o)
strrev                                            /usr/lib/gcc/avr/5.4.0/../../../avr/lib/avr5/libc.a(strrev.o)
                                                  /usr/lib/gcc/avr/5.4.0/../../../avr/lib/avr5/libc.a(ultoa_ncheck.o)
strtol                                            /usr/lib/gcc/avr/5.4.0/../../../avr/lib/avr5/libc.a(strtol.o)
                                                  objdir/main.o
uart                                              objdir/main.o
vfprintf                                          /usr/lib/gcc/avr/5.4.0/../../../avr/lib/avr5/libprintf_flt.a(vfprintf_flt.o)
